Component: ARM Compiler 5.06 update 7 (build 960) Tool: armlink [4d3601]

==============================================================================

Section Cross References

    startup_lpc17xx.o(STACK) refers (Special) to heapauxi.o(.text) for __use_two_region_memory
    startup_lpc17xx.o(HEAP) refers (Special) to heapauxi.o(.text) for __use_two_region_memory
    startup_lpc17xx.o(RESET) refers (Special) to heapauxi.o(.text) for __use_two_region_memory
    startup_lpc17xx.o(RESET) refers to startup_lpc17xx.o(STACK) for __initial_sp
    startup_lpc17xx.o(RESET) refers to startup_lpc17xx.o(.text) for Reset_Handler
    startup_lpc17xx.o(RESET) refers to irq_timer.o(.text) for TIMER0_IRQHandler
    startup_lpc17xx.o(.ARM.__at_0x02FC) refers (Special) to heapauxi.o(.text) for __use_two_region_memory
    startup_lpc17xx.o(.text) refers (Special) to heapauxi.o(.text) for __use_two_region_memory
    startup_lpc17xx.o(.text) refers to __main.o(!!!main) for __main
    startup_lpc17xx.o(.text) refers to startup_lpc17xx.o(HEAP) for Heap_Mem
    startup_lpc17xx.o(.text) refers to startup_lpc17xx.o(STACK) for Stack_Mem
    sample.o(.text) refers to system_lpc17xx.o(.text) for SystemInit
    sample.o(.text) refers to glcd.o(.text) for LCD_Initialization
    sample.o(.text) refers to touchpanel.o(.text) for TP_Init
    sample.o(.text) refers to lib_timer.o(.text) for init_timer
    sample.o(.text) refers to lib_joystick.o(.text) for joystick_init
    sample.o(.text) refers to tamagotchi.o(.text) for initGame
    system_lpc17xx.o(.text) refers to system_lpc17xx.o(.data) for .data
    irq_timer.o(.text) refers to tamagotchi.o(.text) for updateStatus
    irq_timer.o(.text) refers to lib_timer.o(.text) for disable_timer
    irq_timer.o(.text) refers to touchpanel.o(.text) for Read_Ads7846
    irq_timer.o(.text) refers to animation.o(.text) for changeVolume
    irq_timer.o(.text) refers to tamagotchi.o(.data) for age
    irq_timer.o(.text) refers to animation.o(.data) for sound
    irq_timer.o(.text) refers to irq_timer.o(.data) for .data
    irq_timer.o(.text) refers to irq_timer.o(.constdata) for .constdata
    irq_timer.o(.text) refers to touchpanel.o(.bss) for matrix
    irq_timer.o(.text) refers to touchpanel.o(.data) for display
    asciilib.o(.text) refers to rt_memcpy_v6.o(.text) for __aeabi_memcpy
    asciilib.o(.text) refers to asciilib.o(.constdata) for .constdata
    glcd.o(.text) refers to glcd.o(.data) for .data
    glcd.o(.text) refers to asciilib.o(.text) for GetASCIICode
    hzlib.o(.text) refers to rt_memcpy_v6.o(.text) for __aeabi_memcpy
    hzlib.o(.text) refers to hzlib.o(.constdata) for .constdata
    tamagotchi.o(.text) refers to animation.o(.text) for initAnimation
    tamagotchi.o(.text) refers to lib_timer.o(.text) for reset_timer
    tamagotchi.o(.text) refers to tamagotchi.o(.data) for .data
    tamagotchi.o(.text) refers to animation.o(.data) for state
    animation.o(.text) refers to _printf_pad.o(.text) for _printf_pre_padding
    animation.o(.text) refers to _printf_percent.o(.ARM.Collect$$_printf_percent$$00000000) for _printf_percent
    animation.o(.text) refers to _printf_d.o(.ARM.Collect$$_printf_percent$$00000009) for _printf_d
    animation.o(.text) refers to _printf_c.o(.ARM.Collect$$_printf_percent$$00000013) for _printf_c
    animation.o(.text) refers to _printf_dec.o(.text) for _printf_int_dec
    animation.o(.text) refers to _printf_str.o(.text) for _printf_str
    animation.o(.text) refers to _printf_u.o(.ARM.Collect$$_printf_percent$$0000000A) for _printf_u
    animation.o(.text) refers to glcd.o(.text) for GUI_DrawBitmap
    animation.o(.text) refers to noretval__2sprintf.o(.text) for __2sprintf
    animation.o(.text) refers to lib_timer.o(.text) for get_timer_count
    animation.o(.text) refers to animation.o(.constdata) for .constdata
    animation.o(.text) refers to animation.o(.data) for .data
    animation.o(.text) refers to tamagotchi.o(.data) for age
    touchpanel.o(.text) refers to glcd.o(.text) for LCD_SetPoint
    touchpanel.o(.text) refers to rt_memclr_w.o(.text) for __aeabi_memclr4
    touchpanel.o(.text) refers to dflt_clz.o(x$fpl$dflt) for __aeabi_i2d
    touchpanel.o(.text) refers to touchpanel.o(.data) for .data
    touchpanel.o(.text) refers to deqf.o(x$fpl$deqf) for __aeabi_cdcmpeq
    touchpanel.o(.text) refers to dflt_clz.o(x$fpl$dfltu) for __aeabi_ui2d
    touchpanel.o(.text) refers to dmul.o(x$fpl$dmul) for __aeabi_dmul
    touchpanel.o(.text) refers to daddsub_clz.o(x$fpl$dadd) for __aeabi_dadd
    touchpanel.o(.text) refers to ddiv.o(x$fpl$ddiv) for __aeabi_ddiv
    touchpanel.o(.text) refers to dfixu.o(x$fpl$dfixu) for __aeabi_d2uiz
    touchpanel.o(.text) refers to touchpanel.o(.bss) for .bss
    __2sprintf.o(.text) refers to _printf_char_common.o(.text) for _printf_char_common
    __2sprintf.o(.text) refers to _sputc.o(.text) for _sputc
[...]
    __main.o(!!!main) refers to __rtentry.o(.ARM.Collect$$rtentry$$00000000) for __rt_entry
    daddsub_clz.o(x$fpl$dadd) refers (Special) to usenofp.o(x$fpl$usenofp) for __I$use$fp
    daddsub_clz.o(x$fpl$dadd) refers to daddsub_clz.o(x$fpl$dsub) for _dsub1
    daddsub_clz.o(x$fpl$dadd) refers to dretinf.o(x$fpl$dretinf) for __fpl_dretinf
    daddsub_clz.o(x$fpl$dadd) refers to dnaninf.o(x$fpl$dnaninf) for __fpl_dnaninf
    daddsub_clz.o(x$fpl$drsb) refers (Special) to usenofp.o(x$fpl$usenofp) for __I$use$fp
    daddsub_clz.o(x$fpl$drsb) refers to daddsub_clz.o(x$fpl$dadd) for _dadd1
    daddsub_clz.o(x$fpl$drsb) refers to daddsub_clz.o(x$fpl$dsub) for _dsub1
    daddsub_clz.o(x$fpl$dsub) refers (Special) to usenofp.o(x$fpl$usenofp) for __I$use$fp
    daddsub_clz.o(x$fpl$dsub) refers to daddsub_clz.o(x$fpl$dadd) for _dadd1
    daddsub_clz.o(x$fpl$dsub) refers to dnaninf.o(x$fpl$dnaninf) for __fpl_dnaninf
    ddiv.o(x$fpl$drdiv) refers (Special) to usenofp.o(x$fpl$usenofp) for __I$use$fp
    ddiv.o(x$fpl$drdiv) refers to ddiv.o(x$fpl$ddiv) for ddiv_entry
    ddiv.o(x$fpl$ddiv) refers (Special) to usenofp.o(x$fpl$usenofp) for __I$use$fp
    ddiv.o(x$fpl$ddiv) refers to dretinf.o(x$fpl$dretinf) for __fpl_dretinf
    ddiv.o(x$fpl$ddiv) refers to dnaninf.o(x$fpl$dnaninf) for __fpl_dnaninf
    deqf.o(x$fpl$deqf) refers (Special) to usenofp.o(x$fpl$usenofp) for __I$use$fp
    deqf.o(x$fpl$deqf) refers to dnaninf.o(x$fpl$dnaninf) for __fpl_dnaninf
    deqf.o(x$fpl$deqf) refers to dcmpi.o(x$fpl$dcmpinf) for __fpl_dcmp_Inf
    dfixu.o(x$fpl$dfixu) refers (Special) to usenofp.o(x$fpl$usenofp) for __I$use$fp
    dfixu.o(x$fpl$dfixu) refers to dnaninf.o(x$fpl$dnaninf) for __fpl_dnaninf
    dfixu.o(x$fpl$dfixur) refers (Special) to usenofp.o(x$fpl$usenofp) for __I$use$fp
    dfixu.o(x$fpl$dfixur) refers to dnaninf.o(x$fpl$dnaninf) for __fpl_dnaninf
    dflt_clz.o(x$fpl$dfltu) refers (Special) to usenofp.o(x$fpl$usenofp) for __I$use$fp
    dflt_clz.o(x$fpl$dflt) refers (Special) to usenofp.o(x$fpl$usenofp) for __I$use$fp
    dflt_clz.o(x$fpl$dfltn) refers (Special) to usenofp.o(x$fpl$usenofp) for __I$use$fp
    dmul.o(x$fpl$dmul) refers (Special) to usenofp.o(x$fpl$usenofp) for __I$use$fp
    dmul.o(x$fpl$dmul) refers to dretinf.o(x$fpl$dretinf) for __fpl_dretinf
    dmul.o(x$fpl$dmul) refers to dnaninf.o(x$fpl$dnaninf) for __fpl_dnaninf
    __rtentry.o(.ARM.Collect$$rtentry$$00000000) refers (Special) to __rtentry2.o(.ARM.Collect$$rtentry$$0000000A) for __rt_entry_li
    __rtentry.o(.ARM.Collect$$rtentry$$00000000) refers (Special) to __rtentry2.o(.ARM.Collect$$rtentry$$0000000D) for __rt_entry_main
    __rtentry.o(.ARM.Collect$$rtentry$$00000000) refers (Special) to __rtentry2.o(.ARM.Collect$$rtentry$$0000000C) for __rt_entry_postli_1
    __rtentry.o(.ARM.Collect$$rtentry$$00000000) refers (Special) to __rtentry2.o(.ARM.Collect$$rtentry$$00000009) for __rt_entry_postsh_1
    __rtentry.o(.ARM.Collect$$rtentry$$00000000) refers (Special) to __rtentry2.o(.ARM.Collect$$rtentry$$00000002) for __rt_entry_presh_1
    __rtentry.o(.ARM.Collect$$rtentry$$00000000) refers (Special) to __rtentry4.o(.ARM.Collect$$rtentry$$00000004) for __rt_entry_sh
    _printf_intcommon.o(.text) refers (Weak) to _printf_pad.o(.text) for _printf_pre_padding
    _printf_intcommon.o(.text) refers (Weak) to _printf_pad.o(.text) for _printf_pre_padding
    _printf_intcommon.o(.text) refers (Weak) to _printf_pad.o(.text) for _printf_post_padding
    _printf_char_common.o(.text) refers to __printf_flags_ss_wp.o(.text) for __printf
    _printf_char.o(.text) refers (Weak) to _printf_str.o(.text) for _printf_str
    dcmpi.o(x$fpl$dcmpinf) refers (Special) to usenofp.o(x$fpl$usenofp) for __I$use$fp
    dnaninf.o(x$fpl$dnaninf) refers (Special) to usenofp.o(x$fpl$usenofp) for __I$use$fp
    dretinf.o(x$fpl$dretinf) refers (Special) to usenofp.o(x$fpl$usenofp) for __I$use$fp
    __rtentry2.o(.ARM.Collect$$rtentry$$00000008) refers to boardinit2.o(.text) for _platform_post_stackheap_init
    __rtentry2.o(.ARM.Collect$$rtentry$$0000000A) refers to libinit.o(.ARM.Collect$$libinit$$00000000) for __rt_lib_init
    __rtentry2.o(.ARM.Collect$$rtentry$$0000000B) refers to boardinit3.o(.text) for _platform_post_lib_init
    __rtentry2.o(.ARM.Collect$$rtentry$$0000000D) refers to sample.o(.text) for main
    __rtentry2.o(.ARM.Collect$$rtentry$$0000000D) refers to exit.o(.text) for exit
    __rtentry2.o(.ARM.exidx) refers to __rtentry2.o(.ARM.Collect$$rtentry$$00000001) for .ARM.Collect$$rtentry$$00000001
    __rtentry2.o(.ARM.exidx) refers to __rtentry2.o(.ARM.Collect$$rtentry$$00000008) for .ARM.Collect$$rtentry$$00000008
    __rtentry2.o(.ARM.exidx) refers to __rtentry2.o(.ARM.Collect$$rtentry$$0000000A) for .ARM.Collect$$rtentry$$0000000A
    __rtentry2.o(.ARM.exidx) refers to __rtentry2.o(.ARM.Collect$$rtentry$$0000000B) for .ARM.Collect$$rtentry$$0000000B
    __rtentry2.o(.ARM.exidx) refers to __rtentry2.o(.ARM.Collect$$rtentry$$0000000D) for .ARM.Collect$$rtentry$$0000000D
    __rtentry4.o(.ARM.Collect$$rtentry$$00000004) refers to sys_stackheap_outer.o(.text) for __user_setup_stackheap
    __rtentry4.o(.ARM.exidx) refers to __rtentry4.o(.ARM.Collect$$rtentry$$00000004) for .ARM.Collect$$rtentry$$00000004
    sys_stackheap_outer.o(.text) refers to libspace.o(.text) for __user_perproc_libspace
    sys_stackheap_outer.o(.text) refers to startup_lpc17xx.o(.text) for __user_initial_stackheap
    exit.o(.text) refers to rtexit.o(.ARM.Collect$$rtexit$$00000000) for __rt_exit
    libinit.o(.ARM.Collect$$libinit$$00000000) refers (Special) to libinit2.o(.ARM.Collect$$libinit$$0000002E) for __rt_lib_init_alloca_1
    libinit.o(.ARM.Collect$$libinit$$00000000) refers (Special) to libinit2.o(.ARM.Collect$$libinit$$0000002C) for __rt_lib_init_argv_1
    libinit.o(.ARM.Collect$$libinit$$00000000) refers (Special) to libinit2.o(.ARM.Collect$$libinit$$0000001B) for __rt_lib_init_atexit_1
    libinit.o(.ARM.Collect$$libinit$$00000000) refers (Special) to libinit2.o(.ARM.Collect$$libinit$$00000021) for __rt_lib_init_clock_1
    libinit.o(.ARM.Collect$$libinit$$00000000) refers (Special) to libinit2.o(.ARM.Collect$$libinit$$00000032) for __rt_lib_init_cpp_1
    libinit.o(.ARM.Collect$$libinit$$00000000) refers (Special) to libinit2.o(.ARM.Collect$$libinit$$00000030) for __rt_lib_init_exceptions_1
    libinit.o(.ARM.Collect$$libinit$$00000000) refers (Special) to libinit2.o(.ARM.Collect$$libinit$$00000002) for __rt_lib_init_fp_1
    libinit.o(.ARM.Collect$$libinit$$00000000) refers (Special) to libinit2.o(.ARM.Collect$$libinit$$0000001F) for __rt_lib_init_fp_trap_1
    libinit.o(.ARM.Collect$$libinit$$00000000) refers (Special) to libinit2.o(.ARM.Collect$$libinit$$00000023) for __rt_lib_init_getenv_1
    libinit.o(.ARM.Collect$$libinit$$00000000) refers (Special) to libinit2.o(.ARM.Collect$$libinit$$0000000A) for __rt_lib_init_heap_1
    libinit.o(.ARM.Collect$$libinit$$00000000) refers (Special) to libinit2.o(.ARM.Collect$$libinit$$00000011) for __rt_lib_init_lc_collate_1
    libinit.o(.ARM.Collect$$libinit$$00000000) refers (Special) to libinit2.o(.ARM.Collect$$libinit$$00000013) for __rt_lib_init_lc_ctype_1
    libinit.o(.ARM.Collect$$libinit$$00000000) refers (Special) to libinit2.o(.ARM.Collect$$libinit$$00000015) for __rt_lib_init_lc_monetary_1
    libinit.o(.ARM.Collect$$libinit$$00000000) refers (Special) to libinit2.o(.ARM.Collect$$libinit$$00000017) for __rt_lib_init_lc_numeric_1
    libinit.o(.ARM.Collect$$libinit$$00000000) refers (Special) to libinit2.o(.ARM.Collect$$libinit$$00000019) for __rt_lib_init_lc_time_1
    libinit.o(.ARM.Collect$$libinit$$00000000) refers (Special) to libinit2.o(.ARM.Collect$$libinit$$00000004) for __rt_lib_init_preinit_1
    libinit.o(.ARM.Collect$$libinit$$00000000) refers (Special) to libinit2.o(.ARM.Collect$$libinit$$0000000E) for __rt_lib_init_rand_1
    libinit.o(.ARM.Collect$$libinit$$00000000) refers (Special) to libinit2.o(.ARM.Collect$$libinit$$00000033) for __rt_lib_init_return
    libinit.o(.ARM.Collect$$libinit$$00000000) refers (Special) to libinit2.o(.ARM.Collect$$libinit$$0000001D) for __rt_lib_init_signal_1
    libinit.o(.ARM.Collect$$libinit$$00000000) refers (Special) to libinit2.o(.ARM.Collect$$libinit$$00000025) for __rt_lib_init_stdio_1
    libinit.o(.ARM.Collect$$libinit$$00000000) refers (Special) to libinit2.o(.ARM.Collect$$libinit$$0000000C) for __rt_lib_init_user_alloc_1
    libspace.o(.text) refers to libspace.o(.bss) for __libspace_start
    rtexit.o(.ARM.Collect$$rtexit$$00000000) refers (Special) to rtexit2.o(.ARM.Collect$$rtexit$$00000004) for __rt_exit_exit
    rtexit.o(.ARM.Collect$$rtexit$$00000000) refers (Special) to rtexit2.o(.ARM.Collect$$rtexit$$00000003) for __rt_exit_ls
    rtexit.o(.ARM.Collect$$rtexit$$00000000) refers (Special) to rtexit2.o(.ARM.Collect$$rtexit$$00000002) for __rt_exit_prels_1
    rtexit.o(.ARM.exidx) refers (Special) to rtexit2.o(.ARM.Collect$$rtexit$$00000004) for __rt_exit_exit
    rtexit.o(.ARM.exidx) refers (Special) to rtexit2.o(.ARM.Collect$$rtexit$$00000003) for __rt_exit_ls
    rtexit.o(.ARM.exidx) refers (Special) to rtexit2.o(.ARM.Collect$$rtexit$$00000002) for __rt_exit_prels_1
    rtexit.o(.ARM.exidx) refers to rtexit.o(.ARM.Collect$$rtexit$$00000000) for .ARM.Collect$$rtexit$$00000000
    libinit2.o(.ARM.Collect$$libinit$$00000010) refers to libinit2.o(.ARM.Collect$$libinit$$0000000F) for .ARM.Collect$$libinit$$0000000F
    libinit2.o(.ARM.Collect$$libinit$$00000012) refers to libinit2.o(.ARM.Collect$$libinit$$0000000F) for .ARM.Collect$$libinit$$0000000F
    libinit2.o(.ARM.Collect$$libinit$$00000014) refers to libinit2.o(.ARM.Collect$$libinit$$0000000F) for .ARM.Collect$$libinit$$0000000F
    libinit2.o(.ARM.Collect$$libinit$$00000016) refers to libinit2.o(.ARM.Collect$$libinit$$0000000F) for .ARM.Collect$$libinit$$0000000F
    libinit2.o(.ARM.Collect$$libinit$$00000018) refers to libinit2.o(.ARM.Collect$$libinit$$0000000F) for .ARM.Collect$$libinit$$0000000F
    libinit2.o(.ARM.Collect$$libinit$$00000026) refers to argv_veneer.o(.emb_text) for __ARM_argv_veneer
    libinit2.o(.ARM.Collect$$libinit$$00000027) refers to argv_veneer.o(.emb_text) for __ARM_argv_veneer
    rtexit2.o(.ARM.Collect$$rtexit$$00000003) refers to libshutdown.o(.ARM.Collect$$libshutdown$$00000000) for __rt_lib_shutdown
    rtexit2.o(.ARM.Collect$$rtexit$$00000004) refers to sys_exit.o(.text) for _sys_exit
    rtexit2.o(.ARM.exidx) refers to rtexit2.o(.ARM.Collect$$rtexit$$00000001) for .ARM.Collect$$rtexit$$00000001
    rtexit2.o(.ARM.exidx) refers to rtexit2.o(.ARM.Collect$$rtexit$$00000003) for .ARM.Collect$$rtexit$$00000003
    rtexit2.o(.ARM.exidx) refers to rtexit2.o(.ARM.Collect$$rtexit$$00000004) for .ARM.Collect$$rtexit$$00000004
    argv_veneer.o(.emb_text) refers to no_argv.o(.text) for __ARM_get_argv
    sys_exit.o(.text) refers (Special) to use_no_semi.o(.text) for __I$use$semihosting
    sys_exit.o(.text) refers (Special) to indicate_semi.o(.text) for __semihosting_library_function
    _get_argv_nomalloc.o(.text) refers (Special) to hrguard.o(.text) for __heap_region$guard
    _get_argv_nomalloc.o(.text) refers to defsig_rtmem_outer.o(.text) for __rt_SIGRTMEM
    _get_argv_nomalloc.o(.text) refers to sys_command.o(.text) for _sys_command_string
    libshutdown.o(.ARM.Collect$$libshutdown$$00000000) refers (Special) to libshutdown2.o(.ARM.Collect$$libshutdown$$00000004) for __rt_lib_shutdown_cpp_1
    libshutdown.o(.ARM.Collect$$libshutdown$$00000000) refers (Special) to libshutdown2.o(.ARM.Collect$$libshutdown$$00000002) for __rt_lib_shutdown_fini_1
    libshutdown.o(.ARM.Collect$$libshutdown$$00000000) refers (Special) to libshutdown2.o(.ARM.Collect$$libshutdown$$00000009) for __rt_lib_shutdown_fp_trap_1
    libshutdown.o(.ARM.Collect$$libshutdown$$00000000) refers (Special) to libshutdown2.o(.ARM.Collect$$libshutdown$$00000011) for __rt_lib_shutdown_heap_1
    libshutdown.o(.ARM.Collect$$libshutdown$$00000000) refers (Special) to libshutdown2.o(.ARM.Collect$$libshutdown$$00000012) for __rt_lib_shutdown_return
    libshutdown.o(.ARM.Collect$$libshutdown$$00000000) refers (Special) to libshutdown2.o(.ARM.Collect$$libshutdown$$0000000C) for __rt_lib_shutdown_signal_1
    libshutdown.o(.ARM.Collect$$libshutdown$$00000000) refers (Special) to libshutdown2.o(.ARM.Collect$$libshutdown$$00000006) for __rt_lib_shutdown_stdio_1
    libshutdown.o(.ARM.Collect$$libshutdown$$00000000) refers (Special) to libshutdown2.o(.ARM.Collect$$libshutdown$$0000000E) for __rt_lib_shutdown_user_alloc_1
    sys_command.o(.text) refers (Special) to use_no_semi.o(.text) for __I$use$semihosting
    sys_command.o(.text) refers (Special) to indicate_semi.o(.text) for __semihosting_library_function
    defsig_rtmem_outer.o(.text) refers to defsig_rtmem_inner.o(.text) for __rt_SIGRTMEM_inner
    defsig_rtmem_outer.o(.text) refers to defsig_exit.o(.text) for __sig_exit
    defsig_rtmem_formal.o(.text) refers to rt_raise.o(.text) for __rt_raise
    rt_raise.o(.text) refers to __raise.o(.text) for __raise
    rt_raise.o(.text) refers to sys_exit.o(.text) for _sys_exit
    defsig_exit.o(.text) refers to sys_exit.o(.text) for _sys_exit
    defsig_rtmem_inner.o(.text) refers to defsig_general.o(.text) for __default_signal_display
    __raise.o(.text) refers to defsig.o(CL$$defsig) for __default_signal_handler
    defsig_general.o(.text) refers to sys_wrch.o(.text) for _ttywrch
    sys_wrch.o(.text) refers (Special) to use_no_semi.o(.text) for __I$use$semihosting
    sys_wrch.o(.text) refers (Special) to indicate_semi.o(.text) for __semihosting_library_function
    defsig.o(CL$$defsig) refers to defsig_rtmem_inner.o(.text) for __rt_SIGRTMEM_inner
    defsig_abrt_inner.o(.text) refers to defsig_general.o(.text) for __default_signal_display
    defsig_fpe_inner.o(.text) refers to defsig_general.o(.text) for __default_signal_display
    defsig_rtred_inner.o(.text) refers to defsig_general.o(.text) for __default_signal_display
    defsig_stak_inner.o(.text) refers to defsig_general.o(.text) for __default_signal_display
    defsig_pvfn_inner.o(.text) refers to defsig_general.o(.text) for __default_signal_display
    defsig_cppl_inner.o(.text) refers to defsig_general.o(.text) for __default_signal_display
    defsig_segv_inner.o(.text) refers to defsig_general.o(.text) for __default_signal_display
    defsig_other.o(.text) refers to defsig_general.o(.text) for __default_signal_display


==============================================================================

Removing Unused input sections from the image.

    Removing sample.o(.rev16_text), (4 bytes).
    Removing sample.o(.revsh_text), (4 bytes).
    Removing sample.o(.rrx_text), (6 bytes).
    Removing core_cm3.o(.emb_text), (32 bytes).
    Removing system_lpc17xx.o(.rev16_text), (4 bytes).
    Removing system_lpc17xx.o(.revsh_text), (4 bytes).
    Removing system_lpc17xx.o(.rrx_text), (6 bytes).
    Removing system_lpc17xx.o(.data), (4 bytes).
    Removing irq_timer.o(.rev16_text), (4 bytes).
    Removing irq_timer.o(.revsh_text), (4 bytes).
    Removing irq_timer.o(.rrx_text), (6 bytes).
    Removing irq_timer.o(.constdata), (32 bytes).
    Removing irq_timer.o(.data), (1 bytes).
    Removing lib_timer.o(.rev16_text), (4 bytes).
    Removing lib_timer.o(.revsh_text), (4 bytes).
    Removing lib_timer.o(.rrx_text), (6 bytes).
    Removing glcd.o(.rev16_text), (4 bytes).
    Removing glcd.o(.revsh_text), (4 bytes).
    Removing glcd.o(.rrx_text), (6 bytes).
    Removing hzlib.o(.text), (40 bytes).
    Removing hzlib.o(.constdata), (216576 bytes).
    Removing tamagotchi.o(.rev16_text), (4 bytes).
    Removing tamagotchi.o(.revsh_text), (4 bytes).
    Removing tamagotchi.o(.rrx_text), (6 bytes).
    Removing animation.o(.rev16_text), (4 bytes).
    Removing animation.o(.revsh_text), (4 bytes).
    Removing animation.o(.rrx_text), (6 bytes).
    Removing funct_joystick.o(.rev16_text), (4 bytes).
    Removing funct_joystick.o(.revsh_text), (4 bytes).
    Removing funct_joystick.o(.rrx_text), (6 bytes).
    Removing funct_joystick.o(.text), (2 bytes).
    Removing lib_joystick.o(.rev16_text), (4 bytes).
    Removing lib_joystick.o(.revsh_text), (4 bytes).
    Removing lib_joystick.o(.rrx_text), (6 bytes).
    Removing touchpanel.o(.rev16_text), (4 bytes).
    Removing touchpanel.o(.revsh_text), (4 bytes).
    Removing touchpanel.o(.rrx_text), (6 bytes).

37 unused section(s) (total 216827 bytes) removed from the image.

==============================================================================

Image Symbol Table

    Local Symbols

    Symbol Name                              Value     Ov Type        Size  Object(Section)

    RESET                                    0x00000000   Section      204  startup_lpc17xx.o(RESET)
    ../clib/angel/boardlib.s                 0x00000000   Number         0  boardshut.o ABSOLUTE
    ../clib/angel/boardlib.s                 0x00000000   Number         0  boardinit3.o ABSOLUTE
    ../clib/angel/boardlib.s                 0x00000000   Number         0  boardinit2.o ABSOLUTE
    ../clib/angel/boardlib.s                 0x00000000   Number         0  boardinit1.o ABSOLUTE
    ../clib/angel/handlers.s                 0x00000000   Number         0  __scatter_zi.o ABSOLUTE
    ../clib/angel/handlers.s                 0x00000000   Number         0  __scatter_copy.o ABSOLUTE
    ../clib/angel/kernel.s                   0x00000000   Number         0  rtexit2.o ABSOLUTE
    ../clib/angel/kernel.s                   0x00000000   Number         0  __rtentry.o ABSOLUTE
    ../clib/angel/kernel.s                   0x00000000   Number         0  __rtentry2.o ABSOLUTE
    ../clib/angel/kernel.s                   0x00000000   Number         0  __rtentry4.o ABSOLUTE
    ../clib/angel/kernel.s                   0x00000000   Number         0  rtexit.o ABSOLUTE
    ../clib/angel/rt.s                       0x00000000   Number         0  rt_raise.o ABSOLUTE
    ../clib/angel/scatter.s                  0x00000000   Number         0  __scatter.o ABSOLUTE
    ../clib/angel/startup.s                  0x00000000   Number         0  __main.o ABSOLUTE
    ../clib/angel/sys.s                      0x00000000   Number         0  use_no_semi.o ABSOLUTE
    ../clib/angel/sys.s                      0x00000000   Number         0  sys_stackheap_outer.o ABSOLUTE
    ../clib/angel/sys.s                      0x00000000   Number         0  libspace.o ABSOLUTE
    ../clib/angel/sys.s                      0x00000000   Number         0  indicate_semi.o ABSOLUTE
    ../clib/angel/sysapp.c                   0x00000000   Number         0  sys_command.o ABSOLUTE
    ../clib/angel/sysapp.c                   0x00000000   Number         0  sys_wrch.o ABSOLUTE
    ../clib/angel/sysapp.c                   0x00000000   Number         0  sys_exit.o ABSOLUTE
    ../clib/armsys.c                         0x00000000   Number         0  argv_veneer.o ABSOLUTE
    ../clib/armsys.c                         0x00000000   Number         0  no_argv.o ABSOLUTE
    ../clib/armsys.c                         0x00000000   Number         0  _get_argv_nomalloc.o ABSOLUTE
    ../clib/armsys.c                         0x00000000   Number         0  argv_veneer.o ABSOLUTE
    ../clib/heapalloc.c                      0x00000000   Number         0  hrguard.o ABSOLUTE
    ../clib/heapaux.c                        0x00000000   Number         0  heapauxi.o ABSOLUTE
    ../clib/libinit.s                        0x00000000   Number         0  libshutdown.o ABSOLUTE
    ../clib/libinit.s                        0x00000000   Number         0  libshutdown2.o ABSOLUTE
    ../clib/libinit.s                        0x00000000   Number         0  libinit2.o ABSOLUTE
    ../clib/libinit.s                        0x00000000   Number         0  libinit.o ABSOLUTE
    ../clib/memcpset.s                       0x00000000   Number         0  rt_memcpy_v6.o ABSOLUTE
    ../clib/memcpset.s                       0x00000000   Number         0  rt_memclr_w.o ABSOLUTE
    ../clib/memcpset.s                       0x00000000   Number         0  rt_memcpy_w.o ABSOLUTE
    ../clib/misc.s                           0x00000000   Number         0  printf_stubs.o ABSOLUTE
    ../clib/printf.c                         0x00000000   Number         0  _printf_str.o ABSOLUTE
    ../clib/printf.c                         0x00000000   Number         0  _printf_pad.o ABSOLUTE
    ../clib/printf.c                         0x00000000   Number         0  __printf.o ABSOLUTE
    ../clib/printf.c                         0x00000000   Number         0  noretval__2sprintf.o ABSOLUTE
    ../clib/printf.c                         0x00000000   Number         0  __2sprintf.o ABSOLUTE
    ../clib/printf.c                         0x00000000   Number         0  __printf_wp.o ABSOLUTE
    ../clib/printf.c                         0x00000000   Number         0  __printf_flags_wp.o ABSOLUTE
    ../clib/printf.c                         0x00000000   Number         0  __printf_ss_wp.o ABSOLUTE
    ../clib/printf.c                         0x00000000   Number         0  __printf_flags_ss_wp.o ABSOLUTE
    ../clib/printf.c                         0x00000000   Number         0  _printf_char.o ABSOLUTE
    ../clib/printf.c                         0x00000000   Number         0  _sputc.o ABSOLUTE
    ../clib/printf.c                         0x00000000   Number         0  _printf_char_common.o ABSOLUTE
    ../clib/printf.c                         0x00000000   Number         0  _printf_intcommon.o ABSOLUTE
    ../clib/printf.c                         0x00000000   Number         0  __printf_flags_ss.o ABSOLUTE
    ../clib/printf.c                         0x00000000   Number         0  __printf_ss.o ABSOLUTE
    ../clib/printf.c                         0x00000000   Number         0  __printf_flags.o ABSOLUTE
    ../clib/printf.c                         0x00000000   Number         0  _printf_dec.o ABSOLUTE
    ../clib/printf.c                         0x00000000   Number         0  __printf_nopercent.o ABSOLUTE
    ../clib/printf_percent.s                 0x00000000   Number         0  _printf_c.o ABSOLUTE
    ../clib/printf_percent.s                 0x00000000   Number         0  _printf_d.o ABSOLUTE
    ../clib/printf_percent.s                 0x00000000   Number         0  _printf_u.o ABSOLUTE
    ../clib/printf_percent.s                 0x00000000   Number         0  _printf_percent.o ABSOLUTE
    ../clib/printf_percent.s                 0x00000000   Number         0  _printf_percent_end.o ABSOLUTE
    ../clib/signal.c                         0x00000000   Number         0  defsig_stak_inner.o ABSOLUTE
    ../clib/signal.c                         0x00000000   Number         0  defsig_abrt_inner.o ABSOLUTE
    ../clib/signal.c                         0x00000000   Number         0  defsig_exit.o ABSOLUTE
    ../clib/signal.c                         0x00000000   Number         0  defsig_rtmem_formal.o ABSOLUTE
    ../clib/signal.c                         0x00000000   Number         0  defsig_rtmem_inner.o ABSOLUTE
    ../clib/signal.c                         0x00000000   Number         0  __raise.o ABSOLUTE
    ../clib/signal.c                         0x00000000   Number         0  defsig_rtmem_outer.o ABSOLUTE
    ../clib/signal.c                         0x00000000   Number         0  defsig_other.o ABSOLUTE
    ../clib/signal.c                         0x00000000   Number         0  defsig_segv_inner.o ABSOLUTE
    ../clib/signal.c                         0x00000000   Number         0  defsig_cppl_inner.o ABSOLUTE
    ../clib/signal.c                         0x00000000   Number         0  defsig_pvfn_inner.o ABSOLUTE
    ../clib/signal.c                         0x00000000   Number         0  defsig_rtred_inner.o ABSOLUTE
    ../clib/signal.c                         0x00000000   Number         0  defsig_fpe_inner.o ABSOLUTE
    ../clib/signal.c                         0x00000000   Number         0  defsig_general.o ABSOLUTE
    ../clib/signal.s                         0x00000000   Number         0  defsig.o ABSOLUTE
    ../clib/stdlib.c                         0x00000000   Number         0  exit.o ABSOLUTE
    ../fplib/daddsub.s                       0x00000000   Number         0  daddsub_clz.o ABSOLUTE
    ../fplib/dcmpi.s                         0x00000000   Number         0  dcmpi.o ABSOLUTE
    ../fplib/ddiv.s                          0x00000000   Number         0  ddiv.o ABSOLUTE
    ../fplib/deqf.s                          0x00000000   Number         0  deqf.o ABSOLUTE
    ../fplib/dfixu.s                         0x00000000   Number         0  dfixu.o ABSOLUTE
    ../fplib/dflt.s                          0x00000000   Number         0  dflt_clz.o ABSOLUTE
    ../fplib/dmul.s                          0x00000000   Number         0  dmul.o ABSOLUTE
    ../fplib/dnaninf.s                       0x00000000   Number         0  dnaninf.o ABSOLUTE
    ../fplib/dretinf.s                       0x00000000   Number         0  dretinf.o ABSOLUTE
    ../fplib/fpinit.s                        0x00000000   Number         0  fpinit.o ABSOLUTE
    ../fplib/usenofp.s                       0x00000000   Number         0  usenofp.o ABSOLUTE
    GLCD\AsciiLib.c                          0x00000000   Number         0  asciilib.o ABSOLUTE
    GLCD\GLCD.c                              0x00000000   Number         0  glcd.o ABSOLUTE
    GLCD\HzLib.c                             0x00000000   Number         0  hzlib.o ABSOLUTE
    GLCD\\GLCD.c                             0x00000000   Number         0  glcd.o ABSOLUTE
    W:\2023 - 02GOLOV - Architetture dei sistemi di elaborazione - 261048\LEZIONI\ARM\PROGETTI\12_sample_GLCD_TP\TouchPanel\TouchPanel.c 0x00000000   Number         0  touchpanel.o ABSOLUTE
    W:\\2023 - 02GOLOV - Architetture dei sistemi di elaborazione - 261048\\LEZIONI\\ARM\\PROGETTI\\12_sample_GLCD_TP\\TouchPanel\\TouchPanel.c 0x00000000   Number         0  touchpanel.o ABSOLUTE
    animation.c                              0x00000000   Number         0  animation.o ABSOLUTE
    animation.c                              0x00000000   Number         0  animation.o ABSOLUTE
    core_cm3.c                               0x00000000   Number         0  core_cm3.o ABSOLUTE
    core_cm3.c                               0x00000000   Number         0  core_cm3.o ABSOLUTE
    dc.s                                     0x00000000   Number         0  dc.o ABSOLUTE
    eating.c                                 0x00000000   Number         0  eating.o ABSOLUTE
    end.c                                    0x00000000   Number         0  end.o ABSOLUTE
    heart.c                                  0x00000000   Number         0  heart.o ABSOLUTE
    joystick\\funct_joystick.c               0x00000000   Number         0  funct_joystick.o ABSOLUTE
    joystick\\lib_joystick.c                 0x00000000   Number         0  lib_joystick.o ABSOLUTE
    joystick\funct_joystick.c                0x00000000   Number         0  funct_joystick.o ABSOLUTE
    joystick\lib_joystick.c                  0x00000000   Number         0  lib_joystick.o ABSOLUTE
    kirby1.c                                 0x00000000   Number         0  kirby1.o ABSOLUTE
    kirby2.c                                 0x00000000   Number         0  kirby2.o ABSOLUTE
    legend.c                                 0x00000000   Number         0  legend.o ABSOLUTE
    meal.c                                   0x00000000   Number         0  meal.o ABSOLUTE
    mute.c                                   0x00000000   Number         0  mute.o ABSOLUTE
    sample.c                                 0x00000000   Number         0  sample.o ABSOLUTE
    sample.c                                 0x00000000   Number         0  sample.o ABSOLUTE
    sing1.c                                  0x00000000   Number         0  sing1.o ABSOLUTE
    sing2.c                                  0x00000000   Number         0  sing2.o ABSOLUTE
    snack.c                                  0x00000000   Number         0  snack.o ABSOLUTE
    startup_LPC17xx.s                        0x00000000   Number         0  startup_lpc17xx.o ABSOLUTE
    system_LPC17xx.c                         0x00000000   Number         0  system_lpc17xx.o ABSOLUTE
    system_LPC17xx.c                         0x00000000   Number         0  system_lpc17xx.o ABSOLUTE
    tamagotchi.c                             0x00000000   Number         0  tamagotchi.o ABSOLUTE
    tamagotchi.c                             0x00000000   Number         0  tamagotchi.o ABSOLUTE
    timer\IRQ_timer.c                        0x00000000   Number         0  irq_timer.o ABSOLUTE
    timer\\IRQ_timer.c                       0x00000000   Number         0  irq_timer.o ABSOLUTE
    timer\\lib_timer.c                       0x00000000   Number         0  lib_timer.o ABSOLUTE
    timer\lib_timer.c                        0x00000000   Number         0  lib_timer.o ABSOLUTE
    volume.c                                 0x00000000   Number         0  volume.o ABSOLUTE
    !!!main                                  0x000000cc   Section        8  __main.o(!!!main)
    !!!scatter                               0x000000d4   Section       52  __scatter.o(!!!scatter)
    !!handler_copy                           0x00000108   Section       26  __scatter_copy.o(!!handler_copy)
    !!handler_zi                             0x00000124   Section       28  __scatter_zi.o(!!handler_zi)
    .ARM.Collect$$_printf_percent$$00000000  0x00000140   Section        0  _printf_percent.o(.ARM.Collect$$_printf_percent$$00000000)
    .ARM.Collect$$_printf_percent$$00000009  0x00000140   Section        6  _printf_d.o(.ARM.Collect$$_printf_percent$$00000009)
    .ARM.Collect$$_printf_percent$$0000000A  0x00000146   Section        6  _printf_u.o(.ARM.Collect$$_printf_percent$$0000000A)
    .ARM.Collect$$_printf_percent$$00000013  0x0000014c   Section        6  _printf_c.o(.ARM.Collect$$_printf_percent$$00000013)
    .ARM.Collect$$_printf_percent$$00000017  0x00000152   Section        4  _printf_percent_end.o(.ARM.Collect$$_printf_percent$$00000017)
    .ARM.Collect$$libinit$$00000000          0x00000156   Section        2  libinit.o(.ARM.Collect$$libinit$$00000000)
    .ARM.Collect$$libinit$$00000002          0x00000158   Section        0  libinit2.o(.ARM.Collect$$libinit$$00000002)
    .ARM.Collect$$libinit$$00000004          0x00000158   Section        0  libinit2.o(.ARM.Collect$$libinit$$00000004)
    .ARM.Collect$$libinit$$0000000A          0x00000158   Section        0  libinit2.o(.ARM.Collect$$libinit$$0000000A)
    .ARM.Collect$$libinit$$0000000C          0x00000158   Section        0  libinit2.o(.ARM.Collect$$libinit$$0000000C)
    .ARM.Collect$$libinit$$0000000E          0x00000158   Section        0  libinit2.o(.ARM.Collect$$libinit$$0000000E)
    .ARM.Collect$$libinit$$00000011          0x00000158   Section        0  libinit2.o(.ARM.Collect$$libinit$$00000011)
    .ARM.Collect$$libinit$$00000013          0x00000158   Section        0  libinit2.o(.ARM.Collect$$libinit$$00000013)
    .ARM.Collect$$libinit$$00000015          0x00000158   Section        0  libinit2.o(.ARM.Collect$$libinit$$00000015)
    .ARM.Collect$$libinit$$00000017          0x00000158   Section        0  libinit2.o(.ARM.Collect$$libinit$$00000017)
    .ARM.Collect$$libinit$$00000019          0x00000158   Section        0  libinit2.o(.ARM.Collect$$libinit$$00000019)
    .ARM.Collect$$libinit$$0000001B          0x00000158   Section        0  libinit2.o(.ARM.Collect$$libinit$$0000001B)
    .ARM.Collect$$libinit$$0000001D          0x00000158   Section        0  libinit2.o(.ARM.Collect$$libinit$$0000001D)
    .ARM.Collect$$libinit$$0000001F          0x00000158   Section        0  libinit2.o(.ARM.Collect$$libinit$$0000001F)
    .ARM.Collect$$libinit$$00000021          0x00000158   Section        0  libinit2.o(.ARM.Collect$$libinit$$00000021)
    .ARM.Collect$$libinit$$00000023          0x00000158   Section        0  libinit2.o(.ARM.Collect$$libinit$$00000023)
    .ARM.Collect$$libinit$$00000025          0x00000158   Section        0  libinit2.o(.ARM.Collect$$libinit$$00000025)
    .ARM.Collect$$libinit$$0000002C          0x00000158   Section        0  libinit2.o(.ARM.Collect$$libinit$$0000002C)
    .ARM.Collect$$libinit$$0000002E          0x00000158   Section        0  libinit2.o(.ARM.Collect$$libinit$$0000002E)
    .ARM.Collect$$libinit$$00000030          0x00000158   Section        0  libinit2.o(.ARM.Collect$$libinit$$00000030)
    .ARM.Collect$$libinit$$00000032          0x00000158   Section        0  libinit2.o(.ARM.Collect$$libinit$$00000032)
    .ARM.Collect$$libinit$$00000033          0x00000158   Section        2  libinit2.o(.ARM.Collect$$libinit$$00000033)
    .ARM.Collect$$libshutdown$$00000000      0x0000015a   Section        2  libshutdown.o(.ARM.Collect$$libshutdown$$00000000)
    .ARM.Collect$$libshutdown$$00000002      0x0000015c   Section        0  libshutdown2.o(.ARM.Collect$$libshutdown$$00000002)
    .ARM.Collect$$libshutdown$$00000004      0x0000015c   Section        0  libshutdown2.o(.ARM.Collect$$libshutdown$$00000004)
    .ARM.Collect$$libshutdown$$00000006      0x0000015c   Section        0  libshutdown2.o(.ARM.Collect$$libshutdown$$00000006)
    .ARM.Collect$$libshutdown$$00000009      0x0000015c   Section        0  libshutdown2.o(.ARM.Collect$$libshutdown$$00000009)
    .ARM.Collect$$libshutdown$$0000000C      0x0000015c   Section        0  libshutdown2.o(.ARM.Collect$$libshutdown$$0000000C)
    .ARM.Collect$$libshutdown$$0000000E      0x0000015c   Section        0  libshutdown2.o(.ARM.Collect$$libshutdown$$0000000E)
    .ARM.Collect$$libshutdown$$00000011      0x0000015c   Section        0  libshutdown2.o(.ARM.Collect$$libshutdown$$00000011)
    .ARM.Collect$$libshutdown$$00000012      0x0000015c   Section        2  libshutdown2.o(.ARM.Collect$$libshutdown$$00000012)
    .ARM.Collect$$rtentry$$00000000          0x0000015e   Section        0  __rtentry.o(.ARM.Collect$$rtentry$$00000000)
    .ARM.Collect$$rtentry$$00000002          0x0000015e   Section        0  __rtentry2.o(.ARM.Collect$$rtentry$$00000002)
    .ARM.Collect$$rtentry$$00000004          0x0000015e   Section        6  __rtentry4.o(.ARM.Collect$$rtentry$$00000004)
    .ARM.Collect$$rtentry$$00000009          0x00000164   Section        0  __rtentry2.o(.ARM.Collect$$rtentry$$00000009)
    .ARM.Collect$$rtentry$$0000000A          0x00000164   Section        4  __rtentry2.o(.ARM.Collect$$rtentry$$0000000A)
    .ARM.Collect$$rtentry$$0000000C          0x00000168   Section        0  __rtentry2.o(.ARM.Collect$$rtentry$$0000000C)
    .ARM.Collect$$rtentry$$0000000D          0x00000168   Section        8  __rtentry2.o(.ARM.Collect$$rtentry$$0000000D)
    .ARM.Collect$$rtexit$$00000000           0x00000170   Section        2  rtexit.o(.ARM.Collect$$rtexit$$00000000)
    .ARM.Collect$$rtexit$$00000002           0x00000172   Section        0  rtexit2.o(.ARM.Collect$$rtexit$$00000002)
    .ARM.Collect$$rtexit$$00000003           0x00000172   Section        4  rtexit2.o(.ARM.Collect$$rtexit$$00000003)
    .ARM.Collect$$rtexit$$00000004           0x00000176   Section        6  rtexit2.o(.ARM.Collect$$rtexit$$00000004)
    .text                                    0x0000017c   Section       52  startup_lpc17xx.o(.text)
    .text                                    0x000001b0   Section        0  sample.o(.text)
    .text                                    0x00000244   Section        0  asciilib.o(.text)
    .text                                    0x00000258   Section        0  lib_joystick.o(.text)
    .text                                    0x00000278   Section        0  noretval__2sprintf.o(.text)
    .text                                    0x000002a0   Section        0  _printf_pad.o(.text)
    .text                                    0x000002ee   Section        0  heapauxi.o(.text)
    .text                                    0x000002f4   Section        8  libspace.o(.text)
    .ARM.__at_0x02FC                         0x000002fc   Section        4  startup_lpc17xx.o(.ARM.__at_0x02FC)
    .text                                    0x00000300   Section        0  system_lpc17xx.o(.text)
    .text                                    0x00000478   Section        0  irq_timer.o(.text)
    .text                                    0x00000640   Section        0  lib_timer.o(.text)
    __NVIC_EnableIRQ                         0x0000075d   Thumb Code    26  lib_timer.o(.text)
    __NVIC_SetPriority                       0x00000777   Thumb Code    32  lib_timer.o(.text)
    .text                                    0x000007a4   Section        0  glcd.o(.text)
    LCD_SetCursor                            0x000007ab   Thumb Code   906  glcd.o(.text)
    delay_ms                                 0x00004115   Thumb Code    28  glcd.o(.text)
    .text                                    0x00004138   Section        0  tamagotchi.o(.text)
    .text                                    0x0000427c   Section        0  animation.o(.text)
    .text                                    0x00004874   Section        0  touchpanel.o(.text)
    WR_CMD                                   0x0000489b   Thumb Code    28  touchpanel.o(.text)
    ADS7843_SPI_Init                         0x00004eb1   Thumb Code    86  touchpanel.o(.text)
    DelayUS                                  0x00004f07   Thumb Code    20  touchpanel.o(.text)
    RD_AD                                    0x00004f1b   Thumb Code    34  touchpanel.o(.text)
    .text                                    0x00004f74   Section        0  _printf_str.o(.text)
    .text                                    0x00004fc8   Section        0  _printf_dec.o(.text)
    .text                                    0x00005040   Section        0  __printf_flags_ss_wp.o(.text)
    .text                                    0x000051c8   Section      138  rt_memcpy_v6.o(.text)
    .text                                    0x00005252   Section       78  rt_memclr_w.o(.text)
    .text                                    0x000052a0   Section        0  _printf_intcommon.o(.text)
    .text                                    0x00005354   Section        0  _printf_char_common.o(.text)
    _printf_input_char                       0x00005355   Thumb Code    10  _printf_char_common.o(.text)
    .text                                    0x00005384   Section        0  _sputc.o(.text)
    .text                                    0x0000538e   Section        0  _printf_char.o(.text)
    .text                                    0x000053ba   Section      100  rt_memcpy_w.o(.text)
    .text                                    0x0000541e   Section       74  sys_stackheap_outer.o(.text)
    .text                                    0x00005468   Section        0  exit.o(.text)
    .text                                    0x0000547c   Section        0  sys_exit.o(.text)
    .text                                    0x00005488   Section        2  use_no_semi.o(.text)
    .text                                    0x0000548a   Section        0  indicate_semi.o(.text)
    i._is_digit                              0x0000548a   Section        0  __printf_wp.o(i._is_digit)
    x$fpl$dadd                               0x00005498   Section      336  daddsub_clz.o(x$fpl$dadd)
    _dadd1                                   0x000054a9   Thumb Code     0  daddsub_clz.o(x$fpl$dadd)
    x$fpl$dcmpinf                            0x000055e8   Section       24  dcmpi.o(x$fpl$dcmpinf)
    x$fpl$ddiv                               0x00005600   Section      688  ddiv.o(x$fpl$ddiv)
    ddiv_entry                               0x00005607   Thumb Code     0  ddiv.o(x$fpl$ddiv)
    x$fpl$deqf                               0x000058b0   Section      120  deqf.o(x$fpl$deqf)
    x$fpl$dfixu                              0x00005928   Section       90  dfixu.o(x$fpl$dfixu)
    x$fpl$dflt                               0x00005982   Section       46  dflt_clz.o(x$fpl$dflt)
    x$fpl$dfltu                              0x000059b0   Section       38  dflt_clz.o(x$fpl$dfltu)
    x$fpl$dmul                               0x000059d8   Section      340  dmul.o(x$fpl$dmul)
    x$fpl$dnaninf                            0x00005b2c   Section      156  dnaninf.o(x$fpl$dnaninf)
    x$fpl$dretinf                            0x00005bc8   Section       12  dretinf.o(x$fpl$dretinf)
    x$fpl$dsub                               0x00005bd4   Section      468  daddsub_clz.o(x$fpl$dsub)
    _dsub1                                   0x00005be5   Thumb Code     0  daddsub_clz.o(x$fpl$dsub)
    .constdata                               0x00005da8   Section       80  irq_timer.o(.constdata)
    x$fpl$usenofp                            0x00005da8   Section        0  usenofp.o(x$fpl$usenofp)
    .constdata                               0x00005df8   Section     1520  asciilib.o(.constdata)
    AsciiLib                                 0x00005df8   Data        1520  asciilib.o(.constdata)
    .constdata                               0x000063e8   Section    126011  animation.o(.constdata)
    GIMP_IMAGE_pixel_data1                   0x000063e8   Data       20001  animation.o(.constdata)
    GIMP_IMAGE_pixel_data2                   0x0000b209   Data       20001  animation.o(.constdata)
    GIMP_IMAGE_pixel_datae                   0x0001002a   Data       20001  animation.o(.constdata)
    GIMP_IMAGE_pixel_datas                   0x00014e4b   Data        1801  animation.o(.constdata)
    GIMP_IMAGE_pixel_datam                   0x00015554   Data        1801  animation.o(.constdata)
    GIMP_IMAGE_pixel_dataend                 0x00015c5d   Data       20001  animation.o(.constdata)
    GIMP_IMAGE_pixel_datav                   0x0001aa7e   Data         801  animation.o(.constdata)
    GIMP_IMAGE_pixel_datamu                  0x0001ad9f   Data         801  animation.o(.constdata)
    GIMP_IMAGE_pixel_datah                   0x0001b0c0   Data         801  animation.o(.constdata)
    GIMP_IMAGE_pixel_datas1                  0x0001b3e1   Data       20001  animation.o(.constdata)
    GIMP_IMAGE_pixel_datas2                  0x00020202   Data       20001  animation.o(.constdata)
    .constdata                               0x00025023   Section       17  __printf_flags_ss_wp.o(.constdata)
    maptable                                 0x00025023   Data          17  __printf_flags_ss_wp.o(.constdata)
    STACK                                    0x10000000   Section      512  startup_lpc17xx.o(STACK)
    Stack_Mem                                0x10000000   Data         512  startup_lpc17xx.o(STACK)
    __initial_sp                             0x10000200   Data           0  startup_lpc17xx.o(STACK)
    .data                                    0x2007c000   Section        4  system_lpc17xx.o(.data)
    .data                                    0x2007c004   Section      102  irq_timer.o(.data)
    selected                                 0x2007c004   Data           1  irq_timer.o(.data)
    left                                     0x2007c005   Data           1  irq_timer.o(.data)
    right                                    0x2007c006   Data           1  irq_timer.o(.data)
    i                                        0x2007c008   Data           4  irq_timer.o(.data)
    ticks                                    0x2007c00c   Data           4  irq_timer.o(.data)
    .data                                    0x2007c06a   Section        4  glcd.o(.data)
    LCD_Code                                 0x2007c06a   Data           1  glcd.o(.data)
    back_color                               0x2007c06c   Data           2  glcd.o(.data)
    .data                                    0x2007c070   Section        8  tamagotchi.o(.data)
    .data                                    0x2007c078   Section       16  animation.o(.data)
    str                                      0x2007c07c   Data           4  animation.o(.data)
    str_time                                 0x2007c080   Data           8  animation.o(.data)
    .data                                    0x2007c088   Section       16  touchpanel.o(.data)
    screen                                   0x2007c088   Data           4  touchpanel.o(.data)
    .data                                    0x2007c098   Section        4  touchpanel.o(.data)
    .bss                                     0x2007c0a0   Section       68  touchpanel.o(.bss)
    .bss                                     0x2007c0e4   Section       96  libspace.o(.bss)
    HEAP                                     0x2007c148   Section        0  startup_lpc17xx.o(HEAP)
    Heap_Mem                                 0x2007c148   Data           0  startup_lpc17xx.o(HEAP)

    Global Symbols

    Symbol Name                              Value     Ov Type        Size  Object(Section)

    BuildAttributes$$THM_ISAv4$P$D$K$B$S$PE$A:L22UL41UL21$X:L11$S22US41US21$IEEE1$IW$USESV6$~STKCKD$USESV7$~SHL$OSPACE$ROPI$EBA8$UX$STANDARDLIB$REQ8$PRES8$EABIv2 0x00000000   Number         0  anon$$obj.o ABSOLUTE
    __ARM_use_no_argv                        0x00000000   Number         0  sample.o ABSOLUTE
    __Vectors                                0x00000000   Data           4  startup_lpc17xx.o(RESET)
    _printf_flags                            0x00000000   Number         0  printf_stubs.o ABSOLUTE
    _printf_return_value                     0x00000000   Number         0  printf_stubs.o ABSOLUTE
    _printf_sizespec                         0x00000000   Number         0  printf_stubs.o ABSOLUTE
    _printf_widthprec                        0x00000000   Number         0  printf_stubs.o ABSOLUTE
    __ARM_exceptions_init                     - Undefined Weak Reference
    __alloca_initialize                       - Undefined Weak Reference
    __arm_fini_                               - Undefined Weak Reference
    __arm_preinit_                            - Undefined Weak Reference
    __cpp_initialize__aeabi_                  - Undefined Weak Reference
    __cxa_finalize                            - Undefined Weak Reference
    __rt_locale                               - Undefined Weak Reference
    __sigvec_lookup                           - Undefined Weak Reference
    _atexit_init                              - Undefined Weak Reference
    _call_atexit_fns                          - Undefined Weak Reference
    _clock_init                               - Undefined Weak Reference
    _fp_trap_init                             - Undefined Weak Reference
    _fp_trap_shutdown                         - Undefined Weak Reference
    _get_lc_collate                           - Undefined Weak Reference
    _get_lc_ctype                             - Undefined Weak Reference
    _get_lc_monetary                          - Undefined Weak Reference
    _get_lc_numeric                           - Undefined Weak Reference
    _get_lc_time                              - Undefined Weak Reference
    _getenv_init                              - Undefined Weak Reference
    _handle_redirection                       - Undefined Weak Reference
    _init_alloc                               - Undefined Weak Reference
    _init_user_alloc                          - Undefined Weak Reference
    _initio                                   - Undefined Weak Reference
    _printf_mbtowc                            - Undefined Weak Reference
    _printf_truncate_signed                   - Undefined Weak Reference
    _printf_truncate_unsigned                 - Undefined Weak Reference
    _rand_init                                - Undefined Weak Reference
    _signal_finish                            - Undefined Weak Reference
    _signal_init                              - Undefined Weak Reference
    _terminate_alloc                          - Undefined Weak Reference
    _terminate_user_alloc                     - Undefined Weak Reference
    _terminateio                              - Undefined Weak Reference
    __main                                   0x000000cd   Thumb Code     8  __main.o(!!!main)
    __scatterload                            0x000000d5   Thumb Code     0  __scatter.o(!!!scatter)
    __scatterload_rt2                        0x000000d5   Thumb Code    44  __scatter.o(!!!scatter)
    __scatterload_rt2_thumb_only             0x000000d5   Thumb Code     0  __scatter.o(!!!scatter)
    __scatterload_null                       0x000000e3   Thumb Code     0  __scatter.o(!!!scatter)
    __scatterload_copy                       0x00000109   Thumb Code    26  __scatter_copy.o(!!handler_copy)
    __scatterload_zeroinit                   0x00000125   Thumb Code    28  __scatter_zi.o(!!handler_zi)
    _printf_d                                0x00000141   Thumb Code     0  _printf_d.o(.ARM.Collect$$_printf_percent$$00000009)
    _printf_percent                          0x00000141   Thumb Code     0  _printf_percent.o(.ARM.Collect$$_printf_percent$$00000000)
    _printf_u                                0x00000147   Thumb Code     0  _printf_u.o(.ARM.Collect$$_printf_percent$$0000000A)
    _printf_c                                0x0000014d   Thumb Code     0  _printf_c.o(.ARM.Collect$$_printf_percent$$00000013)
    _printf_percent_end                      0x00000153   Thumb Code     0  _printf_percent_end.o(.ARM.Collect$$_printf_percent$$00000017)
    __rt_lib_init                            0x00000157   Thumb Code     0  libinit.o(.ARM.Collect$$libinit$$00000000)
    __rt_lib_init_alloca_1                   0x00000159   Thumb Code     0  libinit2.o(.ARM.Collect$$libinit$$0000002E)
    __rt_lib_init_argv_1                     0x00000159   Thumb Code     0  libinit2.o(.ARM.Collect$$libinit$$0000002C)
    __rt_lib_init_atexit_1                   0x00000159   Thumb Code     0  libinit2.o(.ARM.Collect$$libinit$$0000001B)
    __rt_lib_init_clock_1                    0x00000159   Thumb Code     0  libinit2.o(.ARM.Collect$$libinit$$00000021)
    __rt_lib_init_cpp_1                      0x00000159   Thumb Code     0  libinit2.o(.ARM.Collect$$libinit$$00000032)
    __rt_lib_init_exceptions_1               0x00000159   Thumb Code     0  libinit2.o(.ARM.Collect$$libinit$$00000030)
    __rt_lib_init_fp_1                       0x00000159   Thumb Code     0  libinit2.o(.ARM.Collect$$libinit$$00000002)
    __rt_lib_init_fp_trap_1                  0x00000159   Thumb Code     0  libinit2.o(.ARM.Collect$$libinit$$0000001F)
    __rt_lib_init_getenv_1                   0x00000159   Thumb Code     0  libinit2.o(.ARM.Collect$$libinit$$00000023)
    __rt_lib_init_heap_1                     0x00000159   Thumb Code     0  libinit2.o(.ARM.Collect$$libinit$$0000000A)
    __rt_lib_init_lc_collate_1               0x00000159   Thumb Code     0  libinit2.o(.ARM.Collect$$libinit$$00000011)
    __rt_lib_init_lc_ctype_1                 0x00000159   Thumb Code     0  libinit2.o(.ARM.Collect$$libinit$$00000013)
    __rt_lib_init_lc_monetary_1              0x00000159   Thumb Code     0  libinit2.o(.ARM.Collect$$libinit$$00000015)
    __rt_lib_init_lc_numeric_1               0x00000159   Thumb Code     0  libinit2.o(.ARM.Collect$$libinit$$00000017)
    __rt_lib_init_lc_time_1                  0x00000159   Thumb Code     0  libinit2.o(.ARM.Collect$$libinit$$00000019)
    __rt_lib_init_preinit_1                  0x00000159   Thumb Code     0  libinit2.o(.ARM.Collect$$libinit$$00000004)
    __rt_lib_init_rand_1                     0x00000159   Thumb Code     0  libinit2.o(.ARM.Collect$$libinit$$0000000E)
    __rt_lib_init_return                     0x00000159   Thumb Code     0  libinit2.o(.ARM.Collect$$libinit$$00000033)
    __rt_lib_init_signal_1                   0x00000159   Thumb Code     0  libinit2.o(.ARM.Collect$$libinit$$0000001D)
    __rt_lib_init_stdio_1                    0x00000159   Thumb Code     0  libinit2.o(.ARM.Collect$$libinit$$00000025)
    __rt_lib_init_user_alloc_1               0x00000159   Thumb Code     0  libinit2.o(.ARM.Collect$$libinit$$0000000C)
    __rt_lib_shutdown                        0x0000015b   Thumb Code     0  libshutdown.o(.ARM.Collect$$libshutdown$$00000000)
    __rt_lib_shutdown_cpp_1                  0x0000015d   Thumb Code     0  libshutdown2.o(.ARM.Collect$$libshutdown$$00000004)
    __rt_lib_shutdown_fini_1                 0x0000015d   Thumb Code     0  libshutdown2.o(.ARM.Collect$$libshutdown$$00000002)
    __rt_lib_shutdown_fp_trap_1              0x0000015d   Thumb Code     0  libshutdown2.o(.ARM.Collect$$libshutdown$$00000009)
    __rt_lib_shutdown_heap_1                 0x0000015d   Thumb Code     0  libshutdown2.o(.ARM.Collect$$libshutdown$$00000011)
    __rt_lib_shutdown_return                 0x0000015d   Thumb Code     0  libshutdown2.o(.ARM.Collect$$libshutdown$$00000012)
    __rt_lib_shutdown_signal_1               0x0000015d   Thumb Code     0  libshutdown2.o(.ARM.Collect$$libshutdown$$0000000C)
    __rt_lib_shutdown_stdio_1                0x0000015d   Thumb Code     0  libshutdown2.o(.ARM.Collect$$libshutdown$$00000006)
    __rt_lib_shutdown_user_alloc_1           0x0000015d   Thumb Code     0  libshutdown2.o(.ARM.Collect$$libshutdown$$0000000E)
    __rt_entry                               0x0000015f   Thumb Code     0  __rtentry.o(.ARM.Collect$$rtentry$$00000000)
    __rt_entry_presh_1                       0x0000015f   Thumb Code     0  __rtentry2.o(.ARM.Collect$$rtentry$$00000002)
    __rt_entry_sh                            0x0000015f   Thumb Code     0  __rtentry4.o(.ARM.Collect$$rtentry$$00000004)
    __rt_entry_li                            0x00000165   Thumb Code     0  __rtentry2.o(.ARM.Collect$$rtentry$$0000000A)
    __rt_entry_postsh_1                      0x00000165   Thumb Code     0  __rtentry2.o(.ARM.Collect$$rtentry$$00000009)
    __rt_entry_main                          0x00000169   Thumb Code     0  __rtentry2.o(.ARM.Collect$$rtentry$$0000000D)
    __rt_entry_postli_1                      0x00000169   Thumb Code     0  __rtentry2.o(.ARM.Collect$$rtentry$$0000000C)
    __rt_exit                                0x00000171   Thumb Code     0  rtexit.o(.ARM.Collect$$rtexit$$00000000)
    __rt_exit_ls                             0x00000173   Thumb Code     0  rtexit2.o(.ARM.Collect$$rtexit$$00000003)
    __rt_exit_prels_1                        0x00000173   Thumb Code     0  rtexit2.o(.ARM.Collect$$rtexit$$00000002)
    __rt_exit_exit                           0x00000177   Thumb Code     0  rtexit2.o(.ARM.Collect$$rtexit$$00000004)
    Reset_Handler                            0x0000017d   Thumb Code     4  startup_lpc17xx.o(.text)
    NMI_Handler                              0x00000181   Thumb Code     2  startup_lpc17xx.o(.text)
    HardFault_Handler                        0x00000183   Thumb Code     2  startup_lpc17xx.o(.text)
    MemManage_Handler                        0x00000185   Thumb Code     2  startup_lpc17xx.o(.text)
    BusFault_Handler                         0x00000187   Thumb Code     2  startup_lpc17xx.o(.text)
    UsageFault_Handler                       0x00000189   Thumb Code     2  startup_lpc17xx.o(.text)
    SVC_Handler                              0x0000018b   Thumb Code     2  startup_lpc17xx.o(.text)
    DebugMon_Handler                         0x0000018d   Thumb Code     2  startup_lpc17xx.o(.text)
    PendSV_Handler                           0x0000018f   Thumb Code     2  startup_lpc17xx.o(.text)
    SysTick_Handler                          0x00000191   Thumb Code     2  startup_lpc17xx.o(.text)
    ADC_IRQHandler                           0x00000193   Thumb Code     0  startup_lpc17xx.o(.text)
    BOD_IRQHandler                           0x00000193   Thumb Code     0  startup_lpc17xx.o(.text)
    CANActivity_IRQHandler                   0x00000193   Thumb Code     0  startup_lpc17xx.o(.text)
    CAN_IRQHandler                           0x00000193   Thumb Code     0  startup_lpc17xx.o(.text)
    DMA_IRQHandler                           0x00000193   Thumb Code     0  startup_lpc17xx.o(.text)
    EINT0_IRQHandler                         0x00000193   Thumb Code     0  startup_lpc17xx.o(.text)
    EINT1_IRQHandler                         0x00000193   Thumb Code     0  startup_lpc17xx.o(.text)
    EINT2_IRQHandler                         0x00000193   Thumb Code     0  startup_lpc17xx.o(.text)
    EINT3_IRQHandler                         0x00000193   Thumb Code     0  startup_lpc17xx.o(.text)
    ENET_IRQHandler                          0x00000193   Thumb Code     0  startup_lpc17xx.o(.text)
    I2C0_IRQHandler                          0x00000193   Thumb Code     0  startup_lpc17xx.o(.text)
    I2C1_IRQHandler                          0x00000193   Thumb Code     0  startup_lpc17xx.o(.text)
    I2C2_IRQHandler                          0x00000193   Thumb Code     0  startup_lpc17xx.o(.text)
    I2S_IRQHandler                           0x00000193   Thumb Code     0  startup_lpc17xx.o(.text)
    MCPWM_IRQHandler                         0x00000193   Thumb Code     0  startup_lpc17xx.o(.text)
    PLL0_IRQHandler                          0x00000193   Thumb Code     0  startup_lpc17xx.o(.text)
    PLL1_IRQHandler                          0x00000193   Thumb Code     0  startup_lpc17xx.o(.text)
    PWM1_IRQHandler                          0x00000193   Thumb Code     0  startup_lpc17xx.o(.text)
    QEI_IRQHandler                           0x00000193   Thumb Code     0  startup_lpc17xx.o(.text)
    RIT_IRQHandler                           0x00000193   Thumb Code     0  startup_lpc17xx.o(.text)
    RTC_IRQHandler                           0x00000193   Thumb Code     0  startup_lpc17xx.o(.text)
    SPI_IRQHandler                           0x00000193   Thumb Code     0  startup_lpc17xx.o(.text)
    SSP0_IRQHandler                          0x00000193   Thumb Code     0  startup_lpc17xx.o(.text)
    SSP1_IRQHandler                          0x00000193   Thumb Code     0  startup_lpc17xx.o(.text)
    UART0_IRQHandler                         0x00000193   Thumb Code     0  startup_lpc17xx.o(.text)
    UART1_IRQHandler                         0x00000193   Thumb Code     0  startup_lpc17xx.o(.text)
    UART2_IRQHandler                         0x00000193   Thumb Code     0  startup_lpc17xx.o(.text)
    UART3_IRQHandler                         0x00000193   Thumb Code     0  startup_lpc17xx.o(.text)
    USBActivity_IRQHandler                   0x00000193   Thumb Code     0  startup_lpc17xx.o(.text)
    USB_IRQHandler                           0x00000193   Thumb Code     0  startup_lpc17xx.o(.text)
    WDT_IRQHandler                           0x00000193   Thumb Code     0  startup_lpc17xx.o(.text)
    __user_initial_stackheap                 0x00000195   Thumb Code     0  startup_lpc17xx.o(.text)
    main                                     0x000001b1   Thumb Code   122  sample.o(.text)
    GetASCIICode                             0x00000245   Thumb Code    16  asciilib.o(.text)
    joystick_init                            0x00000259   Thumb Code    22  lib_joystick.o(.text)
    __2sprintf                               0x00000279   Thumb Code    34  noretval__2sprintf.o(.text)
    _printf_pre_padding                      0x000002a1   Thumb Code    44  _printf_pad.o(.text)
    _printf_post_padding                     0x000002cd   Thumb Code    34  _printf_pad.o(.text)
    __use_two_region_memory                  0x000002ef   Thumb Code     2  heapauxi.o(.text)
    __rt_heap_escrow$2region                 0x000002f1   Thumb Code     2  heapauxi.o(.text)
    __rt_heap_expand$2region                 0x000002f3   Thumb Code     2  heapauxi.o(.text)
    __user_libspace                          0x000002f5   Thumb Code     8  libspace.o(.text)
    __user_perproc_libspace                  0x000002f5   Thumb Code     0  libspace.o(.text)
    __user_perthread_libspace                0x000002f5   Thumb Code     0  libspace.o(.text)
    SystemInit                               0x00000301   Thumb Code   342  system_lpc17xx.o(.text)
    TIMER0_IRQHandler                        0x00000479   Thumb Code    24  irq_timer.o(.text)
    TIMER1_IRQHandler                        0x00000491   Thumb Code   188  irq_timer.o(.text)
    TIMER2_IRQHandler                        0x0000054d   Thumb Code   158  irq_timer.o(.text)
    TIMER3_IRQHandler                        0x000005eb   Thumb Code    38  irq_timer.o(.text)
    enable_timer                             0x00000641   Thumb Code    36  lib_timer.o(.text)
    disable_timer                            0x00000665   Thumb Code    36  lib_timer.o(.text)
    reset_timer                              0x00000689   Thumb Code    48  lib_timer.o(.text)
    get_timer_count                          0x000006b9   Thumb Code    38  lib_timer.o(.text)
    init_timer                               0x000006df   Thumb Code   126  lib_timer.o(.text)
    wait_delay                               0x000007a5   Thumb Code     6  glcd.o(.text)
    wait                                     0x00000b35   Thumb Code     4  glcd.o(.text)
    LCD_WritePixel                           0x00000b39   Thumb Code    42  glcd.o(.text)
    LCD_WriteCommand                         0x00000b63   Thumb Code    62  glcd.o(.text)
    LCD_ClearWindow                          0x00000ba1   Thumb Code   414  glcd.o(.text)
    LCD_Clear                                0x00000d3f   Thumb Code   864  glcd.o(.text)
    LCD_SetBackground                        0x0000109f   Thumb Code     6  glcd.o(.text)
    LCD_Initialization                       0x000010a5   Thumb Code  9620  glcd.o(.text)
    LCD_GetPoint                             0x00003639   Thumb Code   564  glcd.o(.text)
    LCD_SetPoint                             0x0000386d   Thumb Code   118  glcd.o(.text)
    LCD_DrawLine                             0x000038e3   Thumb Code   220  glcd.o(.text)
    PutChar                                  0x000039bf   Thumb Code    84  glcd.o(.text)
    PutCharHorizontal                        0x00003a13   Thumb Code    92  glcd.o(.text)
    GUI_Text                                 0x00003a6f   Thumb Code    70  glcd.o(.text)
    LCD_SetWindow                            0x00003ab5   Thumb Code   694  glcd.o(.text)
    LCD_SetOrientation                       0x00003d6b   Thumb Code   176  glcd.o(.text)
    pixel                                    0x00003e1b   Thumb Code   154  glcd.o(.text)
    LCD_DrawCircle                           0x00003eb5   Thumb Code    70  glcd.o(.text)
    LCD_DrawRectangle                        0x00003efb   Thumb Code    64  glcd.o(.text)
    LCD_Darken                               0x00003f3b   Thumb Code   254  glcd.o(.text)
    LCD_GetPixel                             0x00004039   Thumb Code   124  glcd.o(.text)
    LCD_GetBackground                        0x000040b5   Thumb Code     6  glcd.o(.text)
    GUI_DrawBitmap                           0x000040bb   Thumb Code    90  glcd.o(.text)
    initGame                                 0x00004139   Thumb Code    70  tamagotchi.o(.text)
    dead                                     0x0000417f   Thumb Code    22  tamagotchi.o(.text)
    updateStatus                             0x00004195   Thumb Code    58  tamagotchi.o(.text)
    doSelection                              0x000041cf   Thumb Code   108  tamagotchi.o(.text)
    touchAnimation                           0x0000423b   Thumb Code    48  tamagotchi.o(.text)
    drawFigure                               0x0000427d   Thumb Code    26  animation.o(.text)
    deleteFigure                             0x00004297   Thumb Code    48  animation.o(.text)
    drawButtons                              0x000042c7   Thumb Code    94  animation.o(.text)
    mainScreen                               0x00004325   Thumb Code    26  animation.o(.text)
    changeAnimation                          0x0000433f   Thumb Code    28  animation.o(.text)
    toString                                 0x0000435b   Thumb Code    22  animation.o(.text)
    getAge                                   0x00004371   Thumb Code    48  animation.o(.text)
    toTimeString                             0x000043a1   Thumb Code    28  animation.o(.text)
    updateAge                                0x000043bd   Thumb Code    54  animation.o(.text)
    updateInformation                        0x000043f3   Thumb Code   110  animation.o(.text)
    initAnimation                            0x00004461   Thumb Code     2  animation.o(.text)
    runAway                                  0x00004463   Thumb Code   100  animation.o(.text)
    changeSelection                          0x000044c7   Thumb Code   212  animation.o(.text)
    drawFood                                 0x0000459b   Thumb Code    26  animation.o(.text)
    deleteFood                               0x000045b5   Thumb Code    46  animation.o(.text)
    drawEating                               0x000045e3   Thumb Code    16  animation.o(.text)
    deleteEating                             0x000045f3   Thumb Code    46  animation.o(.text)
    eatingAnimation                          0x00004621   Thumb Code   260  animation.o(.text)
    cuddling                                 0x00004725   Thumb Code   264  animation.o(.text)
    changeVolume                             0x0000482d   Thumb Code    38  animation.o(.text)
    LPC17xx_SPI_SetSpeed                     0x00004875   Thumb Code    16  touchpanel.o(.text)
    TP_Init                                  0x00004885   Thumb Code    22  touchpanel.o(.text)
    Read_X                                   0x000048b7   Thumb Code    34  touchpanel.o(.text)
    Read_Y                                   0x000048d9   Thumb Code    34  touchpanel.o(.text)
    TP_GetAdXY                               0x000048fb   Thumb Code    28  touchpanel.o(.text)
    TP_DrawPoint                             0x00004917   Thumb Code     8  touchpanel.o(.text)
    DrawCross                                0x0000491f   Thumb Code   256  touchpanel.o(.text)
    DeleteCross                              0x00004a1f   Thumb Code   258  touchpanel.o(.text)
    Read_Ads7846                             0x00004b21   Thumb Code   290  touchpanel.o(.text)
    setCalibrationMatrix                     0x00004c43   Thumb Code   346  touchpanel.o(.text)
    getDisplayPoint                          0x00004d9d   Thumb Code   166  touchpanel.o(.text)
    TouchPanel_Calibrate                     0x00004e43   Thumb Code   110  touchpanel.o(.text)
    _printf_str                              0x00004f75   Thumb Code    82  _printf_str.o(.text)
    _printf_int_dec                          0x00004fc9   Thumb Code   104  _printf_dec.o(.text)
    __printf                                 0x00005041   Thumb Code   388  __printf_flags_ss_wp.o(.text)
    __aeabi_memcpy                           0x000051c9   Thumb Code     0  rt_memcpy_v6.o(.text)
    __rt_memcpy                              0x000051c9   Thumb Code   138  rt_memcpy_v6.o(.text)
    _memcpy_lastbytes                        0x0000522f   Thumb Code     0  rt_memcpy_v6.o(.text)
    __aeabi_memclr4                          0x00005253   Thumb Code     0  rt_memclr_w.o(.text)
    __aeabi_memclr8                          0x00005253   Thumb Code     0  rt_memclr_w.o(.text)
    __rt_memclr_w                            0x00005253   Thumb Code    78  rt_memclr_w.o(.text)
    _memset_w                                0x00005257   Thumb Code     0  rt_memclr_w.o(.text)
    _printf_int_common                       0x000052a1   Thumb Code   178  _printf_intcommon.o(.text)
    _printf_char_common                      0x0000535f   Thumb Code    32  _printf_char_common.o(.text)
    _sputc                                   0x00005385   Thumb Code    10  _sputc.o(.text)
    _printf_cs_common                        0x0000538f   Thumb Code    20  _printf_char.o(.text)
    _printf_char                             0x000053a3   Thumb Code    16  _printf_char.o(.text)
    _printf_string                           0x000053b3   Thumb Code     8  _printf_char.o(.text)
    __aeabi_memcpy4                          0x000053bb   Thumb Code     0  rt_memcpy_w.o(.text)
    __aeabi_memcpy8                          0x000053bb   Thumb Code     0  rt_memcpy_w.o(.text)
    __rt_memcpy_w                            0x000053bb   Thumb Code   100  rt_memcpy_w.o(.text)
    _memcpy_lastbytes_aligned                0x00005403   Thumb Code     0  rt_memcpy_w.o(.text)
    __user_setup_stackheap                   0x0000541f   Thumb Code    74  sys_stackheap_outer.o(.text)
    exit                                     0x00005469   Thumb Code    18  exit.o(.text)
    _sys_exit                                0x0000547d   Thumb Code     8  sys_exit.o(.text)
    __I$use$semihosting                      0x00005489   Thumb Code     0  use_no_semi.o(.text)
    __use_no_semihosting_swi                 0x00005489   Thumb Code     2  use_no_semi.o(.text)
    __semihosting_library_function           0x0000548b   Thumb Code     0  indicate_semi.o(.text)
    _is_digit                                0x0000548b   Thumb Code    14  __printf_wp.o(i._is_digit)
    __aeabi_dadd                             0x00005499   Thumb Code     0  daddsub_clz.o(x$fpl$dadd)
    _dadd                                    0x00005499   Thumb Code   332  daddsub_clz.o(x$fpl$dadd)
    __fpl_dcmp_Inf                           0x000055e9   Thumb Code    24  dcmpi.o(x$fpl$dcmpinf)
    __aeabi_ddiv                             0x00005601   Thumb Code     0  ddiv.o(x$fpl$ddiv)
    _ddiv                                    0x00005601   Thumb Code   552  ddiv.o(x$fpl$ddiv)
    __aeabi_cdcmpeq                          0x000058b1   Thumb Code     0  deqf.o(x$fpl$deqf)
    _dcmpeq                                  0x000058b1   Thumb Code   120  deqf.o(x$fpl$deqf)
    __aeabi_d2uiz                            0x00005929   Thumb Code     0  dfixu.o(x$fpl$dfixu)
    _dfixu                                   0x00005929   Thumb Code    90  dfixu.o(x$fpl$dfixu)
    __aeabi_i2d                              0x00005983   Thumb Code     0  dflt_clz.o(x$fpl$dflt)
    _dflt                                    0x00005983   Thumb Code    46  dflt_clz.o(x$fpl$dflt)
    __aeabi_ui2d                             0x000059b1   Thumb Code     0  dflt_clz.o(x$fpl$dfltu)
    _dfltu                                   0x000059b1   Thumb Code    38  dflt_clz.o(x$fpl$dfltu)
    __aeabi_dmul                             0x000059d9   Thumb Code     0  dmul.o(x$fpl$dmul)
    _dmul                                    0x000059d9   Thumb Code   332  dmul.o(x$fpl$dmul)
    __fpl_dnaninf                            0x00005b2d   Thumb Code   156  dnaninf.o(x$fpl$dnaninf)
    __fpl_dretinf                            0x00005bc9   Thumb Code    12  dretinf.o(x$fpl$dretinf)
    __aeabi_dsub                             0x00005bd5   Thumb Code     0  daddsub_clz.o(x$fpl$dsub)
    _dsub                                    0x00005bd5   Thumb Code   464  daddsub_clz.o(x$fpl$dsub)
    __I$use$fp                               0x00005da8   Number         0  usenofp.o(x$fpl$usenofp)
    eatingNotes                              0x00005da8   Data          12  irq_timer.o(.constdata)
    cuddleNotes                              0x00005db4   Data          48  irq_timer.o(.constdata)
    runNotes                                 0x00005de4   Data          20  irq_timer.o(.constdata)
    Region$$Table$$Base                      0x00025034   Number         0  anon$$obj.o(Region$$Table)
    Region$$Table$$Limit                     0x00025064   Number         0  anon$$obj.o(Region$$Table)
    SystemFrequency                          0x2007c000   Data           4  system_lpc17xx.o(.data)
    SinTable                                 0x2007c010   Data          90  irq_timer.o(.data)
    satiety                                  0x2007c070   Data           1  tamagotchi.o(.data)
    happiness                                0x2007c071   Data           1  tamagotchi.o(.data)
    age                                      0x2007c074   Data           4  tamagotchi.o(.data)
    selected                                 0x2007c078   Data           1  animation.o(.data)
    state                                    0x2007c079   Data           1  animation.o(.data)
    sound                                    0x2007c07a   Data           1  animation.o(.data)
    last                                     0x2007c07b   Data           1  animation.o(.data)
    DisplaySample                            0x2007c08c   Data          12  touchpanel.o(.data)
    display                                  0x2007c098   Data           4  touchpanel.o(.data)
    matrix                                   0x2007c0a0   Data          56  touchpanel.o(.bss)
    ScreenSample                             0x2007c0d8   Data          12  touchpanel.o(.bss)
    __libspace_start                         0x2007c0e4   Data          96  libspace.o(.bss)
    __temporary_stack_top$libspace           0x2007c144   Data           0  libspace.o(.bss)



==============================================================================

Memory Map of the image

  Image Entry point : 0x000000cd

  Load Region LR_IROM1 (Base: 0x00000000, Size: 0x00025100, Max: 0x00080000, ABSOLUTE)

    Execution Region ER_IROM1 (Exec base: 0x00000000, Load base: 0x00000000, Size: 0x00025064, Max: 0x00080000, ABSOLUTE)

    Exec Addr    Load Addr    Size         Type   Attr      Idx    E Section Name        Object

    0x00000000   0x00000000   0x000000cc   Data   RO            3    RESET               startup_lpc17xx.o
    0x000000cc   0x000000cc   0x00000008   Code   RO          565  * !!!main             c_w.l(__main.o)
    0x000000d4   0x000000d4   0x00000034   Code   RO          768    !!!scatter          c_w.l(__scatter.o)
    0x00000108   0x00000108   0x0000001a   Code   RO          770    !!handler_copy      c_w.l(__scatter_copy.o)
    0x00000122   0x00000122   0x00000002   PAD
    0x00000124   0x00000124   0x0000001c   Code   RO          772    !!handler_zi        c_w.l(__scatter_zi.o)
    0x00000140   0x00000140   0x00000000   Code   RO          558    .ARM.Collect$$_printf_percent$$00000000  c_w.l(_printf_percent.o)
    0x00000140   0x00000140   0x00000006   Code   RO          556    .ARM.Collect$$_printf_percent$$00000009  c_w.l(_printf_d.o)
    0x00000146   0x00000146   0x00000006   Code   RO          557    .ARM.Collect$$_printf_percent$$0000000A  c_w.l(_printf_u.o)
    0x0000014c   0x0000014c   0x00000006   Code   RO          555    .ARM.Collect$$_printf_percent$$00000013  c_w.l(_printf_c.o)
    0x00000152   0x00000152   0x00000004   Code   RO          600    .ARM.Collect$$_printf_percent$$00000017  c_w.l(_printf_percent_end.o)
    0x00000156   0x00000156   0x00000002   Code   RO          636    .ARM.Collect$$libinit$$00000000  c_w.l(libinit.o)
    0x00000158   0x00000158   0x00000000   Code   RO          643    .ARM.Collect$$libinit$$00000002  c_w.l(libinit2.o)
    0x00000158   0x00000158   0x00000000   Code   RO          645    .ARM.Collect$$libinit$$00000004  c_w.l(libinit2.o)
    0x00000158   0x00000158   0x00000000   Code   RO          648    .ARM.Collect$$libinit$$0000000A  c_w.l(libinit2.o)
    0x00000158   0x00000158   0x00000000   Code   RO          650    .ARM.Collect$$libinit$$0000000C  c_w.l(libinit2.o)
    0x00000158   0x00000158   0x00000000   Code   RO          652    .ARM.Collect$$libinit$$0000000E  c_w.l(libinit2.o)
    0x00000158   0x00000158   0x00000000   Code   RO          655    .ARM.Collect$$libinit$$00000011  c_w.l(libinit2.o)
    0x00000158   0x00000158   0x00000000   Code   RO          657    .ARM.Collect$$libinit$$00000013  c_w.l(libinit2.o)
    0x00000158   0x00000158   0x00000000   Code   RO          659    .ARM.Collect$$libinit$$00000015  c_w.l(libinit2.o)
    0x00000158   0x00000158   0x00000000   Code   RO          661    .ARM.Collect$$libinit$$00000017  c_w.l(libinit2.o)
    0x00000158   0x00000158   0x00000000   Code   RO          663    .ARM.Collect$$libinit$$00000019  c_w.l(libinit2.o)
    0x00000158   0x00000158   0x00000000   Code   RO          665    .ARM.Collect$$libinit$$0000001B  c_w.l(libinit2.o)
    0x00000158   0x00000158   0x00000000   Code   RO          667    .ARM.Collect$$libinit$$0000001D  c_w.l(libinit2.o)
    0x00000158   0x00000158   0x00000000   Code   RO          669    .ARM.Collect$$libinit$$0000001F  c_w.l(libinit2.o)
    0x00000158   0x00000158   0x00000000   Code   RO          671    .ARM.Collect$$libinit$$00000021  c_w.l(libinit2.o)
    0x00000158   0x00000158   0x00000000   Code   RO          673    .ARM.Collect$$libinit$$00000023  c_w.l(libinit2.o)
    0x00000158   0x00000158   0x00000000   Code   RO          675    .ARM.Collect$$libinit$$00000025  c_w.l(libinit2.o)
    0x00000158   0x00000158   0x00000000   Code   RO          679    .ARM.Collect$$libinit$$0000002C  c_w.l(libinit2.o)
    0x00000158   0x00000158   0x00000000   Code   RO          681    .ARM.Collect$$libinit$$0000002E  c_w.l(libinit2.o)
    0x00000158   0x00000158   0x00000000   Code   RO          683    .ARM.Collect$$libinit$$00000030  c_w.l(libinit2.o)
    0x00000158   0x00000158   0x00000000   Code   RO          685    .ARM.Collect$$libinit$$00000032  c_w.l(libinit2.o)
    0x00000158   0x00000158   0x00000002   Code   RO          686    .ARM.Collect$$libinit$$00000033  c_w.l(libinit2.o)
    0x0000015a   0x0000015a   0x00000002   Code   RO          706    .ARM.Collect$$libshutdown$$00000000  c_w.l(libshutdown.o)
    0x0000015c   0x0000015c   0x00000000   Code   RO          719    .ARM.Collect$$libshutdown$$00000002  c_w.l(libshutdown2.o)
    0x0000015c   0x0000015c   0x00000000   Code   RO          721    .ARM.Collect$$libshutdown$$00000004  c_w.l(libshutdown2.o)
    0x0000015c   0x0000015c   0x00000000   Code   RO          723    .ARM.Collect$$libshutdown$$00000006  c_w.l(libshutdown2.o)
    0x0000015c   0x0000015c   0x00000000   Code   RO          726    .ARM.Collect$$libshutdown$$00000009  c_w.l(libshutdown2.o)
    0x0000015c   0x0000015c   0x00000000   Code   RO          729    .ARM.Collect$$libshutdown$$0000000C  c_w.l(libshutdown2.o)
    0x0000015c   0x0000015c   0x00000000   Code   RO          731    .ARM.Collect$$libshutdown$$0000000E  c_w.l(libshutdown2.o)
    0x0000015c   0x0000015c   0x00000000   Code   RO          734    .ARM.Collect$$libshutdown$$00000011  c_w.l(libshutdown2.o)
    0x0000015c   0x0000015c   0x00000002   Code   RO          735    .ARM.Collect$$libshutdown$$00000012  c_w.l(libshutdown2.o)
    0x0000015e   0x0000015e   0x00000000   Code   RO          591    .ARM.Collect$$rtentry$$00000000  c_w.l(__rtentry.o)
    0x0000015e   0x0000015e   0x00000000   Code   RO          611    .ARM.Collect$$rtentry$$00000002  c_w.l(__rtentry2.o)
    0x0000015e   0x0000015e   0x00000006   Code   RO          623    .ARM.Collect$$rtentry$$00000004  c_w.l(__rtentry4.o)
    0x00000164   0x00000164   0x00000000   Code   RO          613    .ARM.Collect$$rtentry$$00000009  c_w.l(__rtentry2.o)
    0x00000164   0x00000164   0x00000004   Code   RO          614    .ARM.Collect$$rtentry$$0000000A  c_w.l(__rtentry2.o)
    0x00000168   0x00000168   0x00000000   Code   RO          616    .ARM.Collect$$rtentry$$0000000C  c_w.l(__rtentry2.o)
    0x00000168   0x00000168   0x00000008   Code   RO          617    .ARM.Collect$$rtentry$$0000000D  c_w.l(__rtentry2.o)
    0x00000170   0x00000170   0x00000002   Code   RO          640    .ARM.Collect$$rtexit$$00000000  c_w.l(rtexit.o)
    0x00000172   0x00000172   0x00000000   Code   RO          688    .ARM.Collect$$rtexit$$00000002  c_w.l(rtexit2.o)
    0x00000172   0x00000172   0x00000004   Code   RO          689    .ARM.Collect$$rtexit$$00000003  c_w.l(rtexit2.o)
    0x00000176   0x00000176   0x00000006   Code   RO          690    .ARM.Collect$$rtexit$$00000004  c_w.l(rtexit2.o)
    0x0000017c   0x0000017c   0x00000034   Code   RO            5    .text               startup_lpc17xx.o
    0x000001b0   0x000001b0   0x00000094   Code   RO           16    .text               sample.o
    0x00000244   0x00000244   0x00000014   Code   RO          205    .text               asciilib.o
    0x00000258   0x00000258   0x00000020   Code   RO          464    .text               lib_joystick.o
    0x00000278   0x00000278   0x00000028   Code   RO          525    .text               c_w.l(noretval__2sprintf.o)
    0x000002a0   0x000002a0   0x0000004e   Code   RO          529    .text               c_w.l(_printf_pad.o)
    0x000002ee   0x000002ee   0x00000006   Code   RO          563    .text               c_w.l(heapauxi.o)
    0x000002f4   0x000002f4   0x00000008   Code   RO          637    .text               c_w.l(libspace.o)
    0x000002fc   0x000002fc   0x00000004   Code   RO            4    .ARM.__at_0x02FC    startup_lpc17xx.o
    0x00000300   0x00000300   0x00000178   Code   RO          101    .text               system_lpc17xx.o
    0x00000478   0x00000478   0x000001c8   Code   RO          129    .text               irq_timer.o
    0x00000640   0x00000640   0x00000164   Code   RO          180    .text               lib_timer.o
    0x000007a4   0x000007a4   0x00003994   Code   RO          225    .text               glcd.o
    0x00004138   0x00004138   0x00000144   Code   RO          272    .text               tamagotchi.o
    0x0000427c   0x0000427c   0x000005f8   Code   RO          300    .text               animation.o
    0x00004874   0x00004874   0x00000700   Code   RO          488    .text               touchpanel.o
    0x00004f74   0x00004f74   0x00000052   Code   RO          531    .text               c_w.l(_printf_str.o)
    0x00004fc6   0x00004fc6   0x00000002   PAD
    0x00004fc8   0x00004fc8   0x00000078   Code   RO          533    .text               c_w.l(_printf_dec.o)
    0x00005040   0x00005040   0x00000188   Code   RO          552    .text               c_w.l(__printf_flags_ss_wp.o)
    0x000051c8   0x000051c8   0x0000008a   Code   RO          559    .text               c_w.l(rt_memcpy_v6.o)
    0x00005252   0x00005252   0x0000004e   Code   RO          561    .text               c_w.l(rt_memclr_w.o)
    0x000052a0   0x000052a0   0x000000b2   Code   RO          592    .text               c_w.l(_printf_intcommon.o)
    0x00005352   0x00005352   0x00000002   PAD
    0x00005354   0x00005354   0x00000030   Code   RO          594    .text               c_w.l(_printf_char_common.o)
    0x00005384   0x00005384   0x0000000a   Code   RO          596    .text               c_w.l(_sputc.o)
    0x0000538e   0x0000538e   0x0000002c   Code   RO          598    .text               c_w.l(_printf_char.o)
    0x000053ba   0x000053ba   0x00000064   Code   RO          601    .text               c_w.l(rt_memcpy_w.o)
    0x0000541e   0x0000541e   0x0000004a   Code   RO          627    .text               c_w.l(sys_stackheap_outer.o)
    0x00005468   0x00005468   0x00000012   Code   RO          629    .text               c_w.l(exit.o)
    0x0000547a   0x0000547a   0x00000002   PAD
    0x0000547c   0x0000547c   0x0000000c   Code   RO          698    .text               c_w.l(sys_exit.o)
    0x00005488   0x00005488   0x00000002   Code   RO          709    .text               c_w.l(use_no_semi.o)
    0x0000548a   0x0000548a   0x00000000   Code   RO          711    .text               c_w.l(indicate_semi.o)
    0x0000548a   0x0000548a   0x0000000e   Code   RO          545    i._is_digit         c_w.l(__printf_wp.o)
    0x00005498   0x00005498   0x00000150   Code   RO          567    x$fpl$dadd          fz_ws.l(daddsub_clz.o)
    0x000055e8   0x000055e8   0x00000018   Code   RO          603    x$fpl$dcmpinf       fz_ws.l(dcmpi.o)
    0x00005600   0x00005600   0x000002b0   Code   RO          574    x$fpl$ddiv          fz_ws.l(ddiv.o)
    0x000058b0   0x000058b0   0x00000078   Code   RO          577    x$fpl$deqf          fz_ws.l(deqf.o)
    0x00005928   0x00005928   0x0000005a   Code   RO          579    x$fpl$dfixu         fz_ws.l(dfixu.o)
    0x00005982   0x00005982   0x0000002e   Code   RO          584    x$fpl$dflt          fz_ws.l(dflt_clz.o)
    0x000059b0   0x000059b0   0x00000026   Code   RO          583    x$fpl$dfltu         fz_ws.l(dflt_clz.o)
    0x000059d6   0x000059d6   0x00000002   PAD
    0x000059d8   0x000059d8   0x00000154   Code   RO          589    x$fpl$dmul          fz_ws.l(dmul.o)
    0x00005b2c   0x00005b2c   0x0000009c   Code   RO          605    x$fpl$dnaninf       fz_ws.l(dnaninf.o)
    0x00005bc8   0x00005bc8   0x0000000c   Code   RO          607    x$fpl$dretinf       fz_ws.l(dretinf.o)
    0x00005bd4   0x00005bd4   0x000001d4   Code   RO          569    x$fpl$dsub          fz_ws.l(daddsub_clz.o)
    0x00005da8   0x00005da8   0x00000000   Code   RO          609    x$fpl$usenofp       fz_ws.l(usenofp.o)
    0x00005da8   0x00005da8   0x00000050   Data   RO          130    .constdata          irq_timer.o
    0x00005df8   0x00005df8   0x000005f0   Data   RO          206    .constdata          asciilib.o
    0x000063e8   0x000063e8   0x0001ec3b   Data   RO          301    .constdata          animation.o
    0x00025023   0x00025023   0x00000011   Data   RO          553    .constdata          c_w.l(__printf_flags_ss_wp.o)
    0x00025034   0x00025034   0x00000030   Data   RO          766    Region$$Table       anon$$obj.o


    Execution Region RW_IRAM1 (Exec base: 0x10000000, Load base: 0x00025064, Size: 0x00000200, Max: 0x00008000, ABSOLUTE)

    Exec Addr    Load Addr    Size         Type   Attr      Idx    E Section Name        Object

    0x10000000        -       0x00000200   Zero   RW            1    STACK               startup_lpc17xx.o


    Execution Region RW_IRAM2 (Exec base: 0x2007c000, Load base: 0x00025064, Size: 0x00000148, Max: 0x00008000, ABSOLUTE)

    Exec Addr    Load Addr    Size         Type   Attr      Idx    E Section Name        Object

    0x2007c000   0x00025064   0x00000004   Data   RW          103    .data               system_lpc17xx.o
    0x2007c004   0x00025068   0x00000066   Data   RW          133    .data               irq_timer.o
    0x2007c06a   0x000250ce   0x00000004   Data   RW          226    .data               glcd.o
    0x2007c06e   0x000250d2   0x00000002   PAD
    0x2007c070   0x000250d4   0x00000008   Data   RW          273    .data               tamagotchi.o
    0x2007c078   0x000250dc   0x00000010   Data   RW          302    .data               animation.o
    0x2007c088   0x000250ec   0x00000010   Data   RW          490    .data               touchpanel.o
    0x2007c098   0x000250fc   0x00000004   Data   RW          491    .data               touchpanel.o
    0x2007c09c   0x00025100   0x00000004   PAD
    0x2007c0a0        -       0x00000044   Zero   RW          489    .bss                touchpanel.o
    0x2007c0e4        -       0x00000060   Zero   RW          638    .bss                c_w.l(libspace.o)
    0x2007c144   0x00025100   0x00000004   PAD
    0x2007c148        -       0x00000000   Zero   RW            2    HEAP                startup_lpc17xx.o


==============================================================================

Image component sizes


      Code (inc. data)   RO Data    RW Data    ZI Data      Debug   Object Name

      1528        174     126011         16          0       9938   animation.o
        20          4       1520          0          0       1135   asciilib.o
     14740         68          0          4          0      63046   glcd.o
       456         48         80        102          0      19348   irq_timer.o
        32         10          0          0          0        484   lib_joystick.o
       356         14          0          0          0      28631   lib_timer.o
       148         26          0          0          0       5495   sample.o
        56         22        204          0        512       1116   startup_lpc17xx.o
       376         34          0          4          0        980   system_lpc17xx.o
       324         18          0          8          0       2130   tamagotchi.o
      1792         70          0         20         68       6712   touchpanel.o

    ----------------------------------------------------------------------
     19828        488     127863        156        584     139015   Object Totals
         0          0         48          0          0          0   (incl. Generated)
         0          0          0          2          4          0   (incl. Padding)

    ----------------------------------------------------------------------

      Code (inc. data)   RO Data    RW Data    ZI Data      Debug   Library Member Name

         8          0          0          0          0         68   __main.o
       392          4         17          0          0         92   __printf_flags_ss_wp.o
        14          0          0          0          0         68   __printf_wp.o
         0          0          0          0          0          0   __rtentry.o
        12          0          0          0          0          0   __rtentry2.o
         6          0          0          0          0          0   __rtentry4.o
        52          8          0          0          0          0   __scatter.o
        26          0          0          0          0          0   __scatter_copy.o
        28          0          0          0          0          0   __scatter_zi.o
         6          0          0          0          0          0   _printf_c.o
        44          0          0          0          0        108   _printf_char.o
        48          6          0          0          0         96   _printf_char_common.o
         6          0          0          0          0          0   _printf_d.o
       120         16          0          0          0         92   _printf_dec.o
       178          0          0          0          0         88   _printf_intcommon.o
        78          0          0          0          0        108   _printf_pad.o
         0          0          0          0          0          0   _printf_percent.o
         4          0          0          0          0          0   _printf_percent_end.o
        82          0          0          0          0         80   _printf_str.o
         6          0          0          0          0          0   _printf_u.o
        10          0          0          0          0         68   _sputc.o
        18          0          0          0          0         80   exit.o
         6          0          0          0          0        152   heapauxi.o
         0          0          0          0          0          0   indicate_semi.o
         2          0          0          0          0          0   libinit.o
         2          0          0          0          0          0   libinit2.o
         2          0          0          0          0          0   libshutdown.o
         2          0          0          0          0          0   libshutdown2.o
         8          4          0          0         96         68   libspace.o
        40          6          0          0          0         84   noretval__2sprintf.o
        78          0          0          0          0         80   rt_memclr_w.o
       138          0          0          0          0         68   rt_memcpy_v6.o
       100          0          0          0          0         80   rt_memcpy_w.o
         2          0          0          0          0          0   rtexit.o
        10          0          0          0          0          0   rtexit2.o
        12          4          0          0          0         68   sys_exit.o
        74          0          0          0          0         80   sys_stackheap_outer.o
         2          0          0          0          0         68   use_no_semi.o
       804         16          0          0          0        272   daddsub_clz.o
        24          0          0          0          0         68   dcmpi.o
       688        140          0          0          0        208   ddiv.o
       120          4          0          0          0         92   deqf.o
        90          4          0          0          0         92   dfixu.o
        84          0          0          0          0        136   dflt_clz.o
       340         12          0          0          0        104   dmul.o
       156          4          0          0          0         92   dnaninf.o
        12          0          0          0          0         68   dretinf.o
         0          0          0          0          0          0   usenofp.o

    ----------------------------------------------------------------------
      3944        228         17          0        100       2828   Library Totals
        10          0          0          0          4          0   (incl. Padding)

    ----------------------------------------------------------------------

      Code (inc. data)   RO Data    RW Data    ZI Data      Debug   Library Name

      1616         48         17          0         96       1696   c_w.l
      2318        180          0          0          0       1132   fz_ws.l

    ----------------------------------------------------------------------
      3944        228         17          0        100       2828   Library Totals

    ----------------------------------------------------------------------

==============================================================================


      Code (inc. data)   RO Data    RW Data    ZI Data      Debug   

     23772        716     127880        156        684     139707   Grand Totals
     23772        716     127880        156        684     139707   ELF Image Totals
     23772        716     127880        156          0          0   ROM Totals

==============================================================================

    Total RO  Size (Code + RO Data)               151652 ( 148.10kB)
    Total RW  Size (RW Data + ZI Data)               840 (   0.82kB)
    Total ROM Size (Code + RO Data + RW Data)     151808 ( 148.25kB)

==============================================================================

